Archive member included to satisfy reference by file (symbol)

c:/users/termi/appdata/roaming/mathworks/matlab add-ons/toolboxes/nxp_mbdtoolbox_s32k1xx/tools/gcc-6.3-arm32-eabi/bin/../lib/gcc/arm-none-eabi/6.3.1/thumb/v7e-m/fpv4-sp/hard\libgcc.a(_aeabi_uldivmod.o)
                              lpit_driver.o (__aeabi_uldivmod)
c:/users/termi/appdata/roaming/mathworks/matlab add-ons/toolboxes/nxp_mbdtoolbox_s32k1xx/tools/gcc-6.3-arm32-eabi/bin/../lib/gcc/arm-none-eabi/6.3.1/thumb/v7e-m/fpv4-sp/hard\libgcc.a(_udivmoddi4.o)
                              c:/users/termi/appdata/roaming/mathworks/matlab add-ons/toolboxes/nxp_mbdtoolbox_s32k1xx/tools/gcc-6.3-arm32-eabi/bin/../lib/gcc/arm-none-eabi/6.3.1/thumb/v7e-m/fpv4-sp/hard\libgcc.a(_aeabi_uldivmod.o) (__udivmoddi4)
c:/users/termi/appdata/roaming/mathworks/matlab add-ons/toolboxes/nxp_mbdtoolbox_s32k1xx/tools/gcc-6.3-arm32-eabi/bin/../lib/gcc/arm-none-eabi/6.3.1/thumb/v7e-m/fpv4-sp/hard\libgcc.a(_dvmd_tls.o)
                              c:/users/termi/appdata/roaming/mathworks/matlab add-ons/toolboxes/nxp_mbdtoolbox_s32k1xx/tools/gcc-6.3-arm32-eabi/bin/../lib/gcc/arm-none-eabi/6.3.1/thumb/v7e-m/fpv4-sp/hard\libgcc.a(_aeabi_uldivmod.o) (__aeabi_ldiv0)
C:/Users/termi/AppData/Roaming/MathWorks/MATLAB Add-Ons/Toolboxes/NXP_MBDToolbox_S32K1xx/tools/gcc-6.3-arm32-eabi/arm-none-eabi/newlib/lib/thumb/v7e-m/fpv4-sp/hard\libc.a(lib_a-exit.o)
                              C:/Users/termi/AppData/Roaming/MathWorks/MATLAB Add-Ons/Toolboxes/NXP_MBDToolbox_S32K1xx/tools/gcc-6.3-arm32-eabi/arm-none-eabi/newlib/lib/thumb/v7e-m/fpv4-sp/hard/crt0.o (exit)
C:/Users/termi/AppData/Roaming/MathWorks/MATLAB Add-Ons/Toolboxes/NXP_MBDToolbox_S32K1xx/tools/gcc-6.3-arm32-eabi/arm-none-eabi/newlib/lib/thumb/v7e-m/fpv4-sp/hard\libc.a(lib_a-impure.o)
                              C:/Users/termi/AppData/Roaming/MathWorks/MATLAB Add-Ons/Toolboxes/NXP_MBDToolbox_S32K1xx/tools/gcc-6.3-arm32-eabi/arm-none-eabi/newlib/lib/thumb/v7e-m/fpv4-sp/hard\libc.a(lib_a-exit.o) (_global_impure_ptr)
C:/Users/termi/AppData/Roaming/MathWorks/MATLAB Add-Ons/Toolboxes/NXP_MBDToolbox_S32K1xx/tools/gcc-6.3-arm32-eabi/arm-none-eabi/newlib/lib/thumb/v7e-m/fpv4-sp/hard\libc.a(lib_a-init.o)
                              C:/Users/termi/AppData/Roaming/MathWorks/MATLAB Add-Ons/Toolboxes/NXP_MBDToolbox_S32K1xx/tools/gcc-6.3-arm32-eabi/arm-none-eabi/newlib/lib/thumb/v7e-m/fpv4-sp/hard/crt0.o (__libc_init_array)
C:/Users/termi/AppData/Roaming/MathWorks/MATLAB Add-Ons/Toolboxes/NXP_MBDToolbox_S32K1xx/tools/gcc-6.3-arm32-eabi/arm-none-eabi/newlib/lib/thumb/v7e-m/fpv4-sp/hard\libc.a(lib_a-memset.o)
                              C:/Users/termi/AppData/Roaming/MathWorks/MATLAB Add-Ons/Toolboxes/NXP_MBDToolbox_S32K1xx/tools/gcc-6.3-arm32-eabi/arm-none-eabi/newlib/lib/thumb/v7e-m/fpv4-sp/hard/crt0.o (memset)
C:/Users/termi/AppData/Roaming/MathWorks/MATLAB Add-Ons/Toolboxes/NXP_MBDToolbox_S32K1xx/tools/gcc-6.3-arm32-eabi/arm-none-eabi/newlib/lib/thumb/v7e-m/fpv4-sp/hard\libc.a(lib_a-__call_atexit.o)
                              C:/Users/termi/AppData/Roaming/MathWorks/MATLAB Add-Ons/Toolboxes/NXP_MBDToolbox_S32K1xx/tools/gcc-6.3-arm32-eabi/arm-none-eabi/newlib/lib/thumb/v7e-m/fpv4-sp/hard\libc.a(lib_a-exit.o) (__call_exitprocs)
C:/Users/termi/AppData/Roaming/MathWorks/MATLAB Add-Ons/Toolboxes/NXP_MBDToolbox_S32K1xx/tools/gcc-6.3-arm32-eabi/arm-none-eabi/newlib/lib/thumb/v7e-m/fpv4-sp/hard\libc.a(lib_a-fini.o)
                              C:/Users/termi/AppData/Roaming/MathWorks/MATLAB Add-Ons/Toolboxes/NXP_MBDToolbox_S32K1xx/tools/gcc-6.3-arm32-eabi/arm-none-eabi/newlib/lib/thumb/v7e-m/fpv4-sp/hard\libc.a(lib_a-__call_atexit.o) (__libc_fini_array)
C:/Users/termi/AppData/Roaming/MathWorks/MATLAB Add-Ons/Toolboxes/NXP_MBDToolbox_S32K1xx/tools/gcc-6.3-arm32-eabi/arm-none-eabi/newlib/lib/thumb/v7e-m/fpv4-sp/hard\libc.a(lib_a-atexit.o)
                              C:/Users/termi/AppData/Roaming/MathWorks/MATLAB Add-Ons/Toolboxes/NXP_MBDToolbox_S32K1xx/tools/gcc-6.3-arm32-eabi/arm-none-eabi/newlib/lib/thumb/v7e-m/fpv4-sp/hard\libc.a(lib_a-__call_atexit.o) (atexit)
C:/Users/termi/AppData/Roaming/MathWorks/MATLAB Add-Ons/Toolboxes/NXP_MBDToolbox_S32K1xx/tools/gcc-6.3-arm32-eabi/arm-none-eabi/newlib/lib/thumb/v7e-m/fpv4-sp/hard\libc.a(lib_a-__atexit.o)
                              C:/Users/termi/AppData/Roaming/MathWorks/MATLAB Add-Ons/Toolboxes/NXP_MBDToolbox_S32K1xx/tools/gcc-6.3-arm32-eabi/arm-none-eabi/newlib/lib/thumb/v7e-m/fpv4-sp/hard\libc.a(lib_a-atexit.o) (__register_exitproc)
C:/Users/termi/AppData/Roaming/MathWorks/MATLAB Add-Ons/Toolboxes/NXP_MBDToolbox_S32K1xx/tools/gcc-6.3-arm32-eabi/arm-none-eabi/newlib/lib/thumb/v7e-m/fpv4-sp/hard\libnosys.a(_exit.o)
                              C:/Users/termi/AppData/Roaming/MathWorks/MATLAB Add-Ons/Toolboxes/NXP_MBDToolbox_S32K1xx/tools/gcc-6.3-arm32-eabi/arm-none-eabi/newlib/lib/thumb/v7e-m/fpv4-sp/hard\libc.a(lib_a-exit.o) (_exit)

Allocating common symbols
Common symbol       size              file

g_xtal0ClkFreq      0x4               clock_S32K1xx.o
g_RtcClkInFreq      0x4               clock_S32K1xx.o
gPowerManagerState  0x10              power_manager_S32K1xx.o
g_TClkFreq          0xc               clock_S32K1xx.o
Esercitazione0_DW   0x4               Esercitazione0.o
Esercitazione0_B    0x2               Esercitazione0.o

Discarded input sections

 .text          0x00000000        0x0 c:/users/termi/appdata/roaming/mathworks/matlab add-ons/toolboxes/nxp_mbdtoolbox_s32k1xx/tools/gcc-6.3-arm32-eabi/bin/../lib/gcc/arm-none-eabi/6.3.1/thumb/v7e-m/fpv4-sp/hard/crti.o
 .data          0x00000000        0x0 c:/users/termi/appdata/roaming/mathworks/matlab add-ons/toolboxes/nxp_mbdtoolbox_s32k1xx/tools/gcc-6.3-arm32-eabi/bin/../lib/gcc/arm-none-eabi/6.3.1/thumb/v7e-m/fpv4-sp/hard/crti.o
 .bss           0x00000000        0x0 c:/users/termi/appdata/roaming/mathworks/matlab add-ons/toolboxes/nxp_mbdtoolbox_s32k1xx/tools/gcc-6.3-arm32-eabi/bin/../lib/gcc/arm-none-eabi/6.3.1/thumb/v7e-m/fpv4-sp/hard/crti.o
 .data          0x00000000        0x4 c:/users/termi/appdata/roaming/mathworks/matlab add-ons/toolboxes/nxp_mbdtoolbox_s32k1xx/tools/gcc-6.3-arm32-eabi/bin/../lib/gcc/arm-none-eabi/6.3.1/thumb/v7e-m/fpv4-sp/hard/crtbegin.o
 .text          0x00000000       0x74 C:/Users/termi/AppData/Roaming/MathWorks/MATLAB Add-Ons/Toolboxes/NXP_MBDToolbox_S32K1xx/tools/gcc-6.3-arm32-eabi/arm-none-eabi/newlib/lib/thumb/v7e-m/fpv4-sp/hard/crt0.o
 .data          0x00000000        0x0 C:/Users/termi/AppData/Roaming/MathWorks/MATLAB Add-Ons/Toolboxes/NXP_MBDToolbox_S32K1xx/tools/gcc-6.3-arm32-eabi/arm-none-eabi/newlib/lib/thumb/v7e-m/fpv4-sp/hard/crt0.o
 .bss           0x00000000        0x0 C:/Users/termi/AppData/Roaming/MathWorks/MATLAB Add-Ons/Toolboxes/NXP_MBDToolbox_S32K1xx/tools/gcc-6.3-arm32-eabi/arm-none-eabi/newlib/lib/thumb/v7e-m/fpv4-sp/hard/crt0.o
 .ARM.extab     0x00000000        0x0 C:/Users/termi/AppData/Roaming/MathWorks/MATLAB Add-Ons/Toolboxes/NXP_MBDToolbox_S32K1xx/tools/gcc-6.3-arm32-eabi/arm-none-eabi/newlib/lib/thumb/v7e-m/fpv4-sp/hard/crt0.o
 .ARM.exidx     0x00000000        0x8 C:/Users/termi/AppData/Roaming/MathWorks/MATLAB Add-Ons/Toolboxes/NXP_MBDToolbox_S32K1xx/tools/gcc-6.3-arm32-eabi/arm-none-eabi/newlib/lib/thumb/v7e-m/fpv4-sp/hard/crt0.o
 .ARM.attributes
                0x00000000       0x20 C:/Users/termi/AppData/Roaming/MathWorks/MATLAB Add-Ons/Toolboxes/NXP_MBDToolbox_S32K1xx/tools/gcc-6.3-arm32-eabi/arm-none-eabi/newlib/lib/thumb/v7e-m/fpv4-sp/hard/crt0.o
 .data          0x00000000        0x0 startup_S32K142.o
 .bss           0x00000000        0x0 startup_S32K142.o
 .data          0x00000000        0x0 Esercitazione0.o
 .bss           0x00000000        0x4 Esercitazione0.o
 .rodata        0x00000000        0x4 Esercitazione0.o
 .data          0x00000000        0x0 interrupt_manager.o
 .data          0x00000000        0x0 lpit_driver.o
 .data          0x00000000        0x0 mbd_main.o
 .bss           0x00000000        0x0 mbd_main.o
 .data          0x00000000        0x0 pins_driver.o
 .bss           0x00000000        0x0 pins_driver.o
 .data          0x00000000        0x0 pins_port_hw_access.o
 .bss           0x00000000        0x0 pins_port_hw_access.o
 .data          0x00000000        0x0 power_manager.o
 .bss           0x00000000        0x0 power_manager.o
 .data          0x00000000        0x0 power_manager_S32K1xx.o
 .data          0x00000000        0x0 power_smc_hw_access.o
 .bss           0x00000000        0x0 power_smc_hw_access.o
 .bss           0x00000000        0x0 s32k_clock_init.o
 .data          0x00000000        0x0 startup.o
 .bss           0x00000000        0x0 startup.o
 .bss           0x00000000        0x0 system_S32K142.o
 .data          0x00000000        0x0 c:/users/termi/appdata/roaming/mathworks/matlab add-ons/toolboxes/nxp_mbdtoolbox_s32k1xx/tools/gcc-6.3-arm32-eabi/bin/../lib/gcc/arm-none-eabi/6.3.1/thumb/v7e-m/fpv4-sp/hard\libgcc.a(_aeabi_uldivmod.o)
 .bss           0x00000000        0x0 c:/users/termi/appdata/roaming/mathworks/matlab add-ons/toolboxes/nxp_mbdtoolbox_s32k1xx/tools/gcc-6.3-arm32-eabi/bin/../lib/gcc/arm-none-eabi/6.3.1/thumb/v7e-m/fpv4-sp/hard\libgcc.a(_aeabi_uldivmod.o)
 .data          0x00000000        0x0 c:/users/termi/appdata/roaming/mathworks/matlab add-ons/toolboxes/nxp_mbdtoolbox_s32k1xx/tools/gcc-6.3-arm32-eabi/bin/../lib/gcc/arm-none-eabi/6.3.1/thumb/v7e-m/fpv4-sp/hard\libgcc.a(_udivmoddi4.o)
 .bss           0x00000000        0x0 c:/users/termi/appdata/roaming/mathworks/matlab add-ons/toolboxes/nxp_mbdtoolbox_s32k1xx/tools/gcc-6.3-arm32-eabi/bin/../lib/gcc/arm-none-eabi/6.3.1/thumb/v7e-m/fpv4-sp/hard\libgcc.a(_udivmoddi4.o)
 .ARM.extab     0x00000000        0x0 c:/users/termi/appdata/roaming/mathworks/matlab add-ons/toolboxes/nxp_mbdtoolbox_s32k1xx/tools/gcc-6.3-arm32-eabi/bin/../lib/gcc/arm-none-eabi/6.3.1/thumb/v7e-m/fpv4-sp/hard\libgcc.a(_udivmoddi4.o)
 .data          0x00000000        0x0 c:/users/termi/appdata/roaming/mathworks/matlab add-ons/toolboxes/nxp_mbdtoolbox_s32k1xx/tools/gcc-6.3-arm32-eabi/bin/../lib/gcc/arm-none-eabi/6.3.1/thumb/v7e-m/fpv4-sp/hard\libgcc.a(_dvmd_tls.o)
 .bss           0x00000000        0x0 c:/users/termi/appdata/roaming/mathworks/matlab add-ons/toolboxes/nxp_mbdtoolbox_s32k1xx/tools/gcc-6.3-arm32-eabi/bin/../lib/gcc/arm-none-eabi/6.3.1/thumb/v7e-m/fpv4-sp/hard\libgcc.a(_dvmd_tls.o)
 .text          0x00000000        0x0 C:/Users/termi/AppData/Roaming/MathWorks/MATLAB Add-Ons/Toolboxes/NXP_MBDToolbox_S32K1xx/tools/gcc-6.3-arm32-eabi/arm-none-eabi/newlib/lib/thumb/v7e-m/fpv4-sp/hard\libc.a(lib_a-exit.o)
 .data          0x00000000        0x0 C:/Users/termi/AppData/Roaming/MathWorks/MATLAB Add-Ons/Toolboxes/NXP_MBDToolbox_S32K1xx/tools/gcc-6.3-arm32-eabi/arm-none-eabi/newlib/lib/thumb/v7e-m/fpv4-sp/hard\libc.a(lib_a-exit.o)
 .bss           0x00000000        0x0 C:/Users/termi/AppData/Roaming/MathWorks/MATLAB Add-Ons/Toolboxes/NXP_MBDToolbox_S32K1xx/tools/gcc-6.3-arm32-eabi/arm-none-eabi/newlib/lib/thumb/v7e-m/fpv4-sp/hard\libc.a(lib_a-exit.o)
 .text.exit     0x00000000       0x20 C:/Users/termi/AppData/Roaming/MathWorks/MATLAB Add-Ons/Toolboxes/NXP_MBDToolbox_S32K1xx/tools/gcc-6.3-arm32-eabi/arm-none-eabi/newlib/lib/thumb/v7e-m/fpv4-sp/hard\libc.a(lib_a-exit.o)
 .debug_frame   0x00000000       0x28 C:/Users/termi/AppData/Roaming/MathWorks/MATLAB Add-Ons/Toolboxes/NXP_MBDToolbox_S32K1xx/tools/gcc-6.3-arm32-eabi/arm-none-eabi/newlib/lib/thumb/v7e-m/fpv4-sp/hard\libc.a(lib_a-exit.o)
 .ARM.attributes
                0x00000000       0x34 C:/Users/termi/AppData/Roaming/MathWorks/MATLAB Add-Ons/Toolboxes/NXP_MBDToolbox_S32K1xx/tools/gcc-6.3-arm32-eabi/arm-none-eabi/newlib/lib/thumb/v7e-m/fpv4-sp/hard\libc.a(lib_a-exit.o)
 .text          0x00000000        0x0 C:/Users/termi/AppData/Roaming/MathWorks/MATLAB Add-Ons/Toolboxes/NXP_MBDToolbox_S32K1xx/tools/gcc-6.3-arm32-eabi/arm-none-eabi/newlib/lib/thumb/v7e-m/fpv4-sp/hard\libc.a(lib_a-impure.o)
 .data          0x00000000        0x0 C:/Users/termi/AppData/Roaming/MathWorks/MATLAB Add-Ons/Toolboxes/NXP_MBDToolbox_S32K1xx/tools/gcc-6.3-arm32-eabi/arm-none-eabi/newlib/lib/thumb/v7e-m/fpv4-sp/hard\libc.a(lib_a-impure.o)
 .bss           0x00000000        0x0 C:/Users/termi/AppData/Roaming/MathWorks/MATLAB Add-Ons/Toolboxes/NXP_MBDToolbox_S32K1xx/tools/gcc-6.3-arm32-eabi/arm-none-eabi/newlib/lib/thumb/v7e-m/fpv4-sp/hard\libc.a(lib_a-impure.o)
 .data._impure_ptr
                0x00000000        0x4 C:/Users/termi/AppData/Roaming/MathWorks/MATLAB Add-Ons/Toolboxes/NXP_MBDToolbox_S32K1xx/tools/gcc-6.3-arm32-eabi/arm-none-eabi/newlib/lib/thumb/v7e-m/fpv4-sp/hard\libc.a(lib_a-impure.o)
 .text          0x00000000        0x0 C:/Users/termi/AppData/Roaming/MathWorks/MATLAB Add-Ons/Toolboxes/NXP_MBDToolbox_S32K1xx/tools/gcc-6.3-arm32-eabi/arm-none-eabi/newlib/lib/thumb/v7e-m/fpv4-sp/hard\libc.a(lib_a-init.o)
 .data          0x00000000        0x0 C:/Users/termi/AppData/Roaming/MathWorks/MATLAB Add-Ons/Toolboxes/NXP_MBDToolbox_S32K1xx/tools/gcc-6.3-arm32-eabi/arm-none-eabi/newlib/lib/thumb/v7e-m/fpv4-sp/hard\libc.a(lib_a-init.o)
 .bss           0x00000000        0x0 C:/Users/termi/AppData/Roaming/MathWorks/MATLAB Add-Ons/Toolboxes/NXP_MBDToolbox_S32K1xx/tools/gcc-6.3-arm32-eabi/arm-none-eabi/newlib/lib/thumb/v7e-m/fpv4-sp/hard\libc.a(lib_a-init.o)
 .text.__libc_init_array
                0x00000000       0x48 C:/Users/termi/AppData/Roaming/MathWorks/MATLAB Add-Ons/Toolboxes/NXP_MBDToolbox_S32K1xx/tools/gcc-6.3-arm32-eabi/arm-none-eabi/newlib/lib/thumb/v7e-m/fpv4-sp/hard\libc.a(lib_a-init.o)
 .debug_frame   0x00000000       0x2c C:/Users/termi/AppData/Roaming/MathWorks/MATLAB Add-Ons/Toolboxes/NXP_MBDToolbox_S32K1xx/tools/gcc-6.3-arm32-eabi/arm-none-eabi/newlib/lib/thumb/v7e-m/fpv4-sp/hard\libc.a(lib_a-init.o)
 .ARM.attributes
                0x00000000       0x34 C:/Users/termi/AppData/Roaming/MathWorks/MATLAB Add-Ons/Toolboxes/NXP_MBDToolbox_S32K1xx/tools/gcc-6.3-arm32-eabi/arm-none-eabi/newlib/lib/thumb/v7e-m/fpv4-sp/hard\libc.a(lib_a-init.o)
 .text          0x00000000        0x0 C:/Users/termi/AppData/Roaming/MathWorks/MATLAB Add-Ons/Toolboxes/NXP_MBDToolbox_S32K1xx/tools/gcc-6.3-arm32-eabi/arm-none-eabi/newlib/lib/thumb/v7e-m/fpv4-sp/hard\libc.a(lib_a-memset.o)
 .data          0x00000000        0x0 C:/Users/termi/AppData/Roaming/MathWorks/MATLAB Add-Ons/Toolboxes/NXP_MBDToolbox_S32K1xx/tools/gcc-6.3-arm32-eabi/arm-none-eabi/newlib/lib/thumb/v7e-m/fpv4-sp/hard\libc.a(lib_a-memset.o)
 .bss           0x00000000        0x0 C:/Users/termi/AppData/Roaming/MathWorks/MATLAB Add-Ons/Toolboxes/NXP_MBDToolbox_S32K1xx/tools/gcc-6.3-arm32-eabi/arm-none-eabi/newlib/lib/thumb/v7e-m/fpv4-sp/hard\libc.a(lib_a-memset.o)
 .text          0x00000000        0x0 C:/Users/termi/AppData/Roaming/MathWorks/MATLAB Add-Ons/Toolboxes/NXP_MBDToolbox_S32K1xx/tools/gcc-6.3-arm32-eabi/arm-none-eabi/newlib/lib/thumb/v7e-m/fpv4-sp/hard\libc.a(lib_a-__call_atexit.o)
 .data          0x00000000        0x0 C:/Users/termi/AppData/Roaming/MathWorks/MATLAB Add-Ons/Toolboxes/NXP_MBDToolbox_S32K1xx/tools/gcc-6.3-arm32-eabi/arm-none-eabi/newlib/lib/thumb/v7e-m/fpv4-sp/hard\libc.a(lib_a-__call_atexit.o)
 .bss           0x00000000        0x0 C:/Users/termi/AppData/Roaming/MathWorks/MATLAB Add-Ons/Toolboxes/NXP_MBDToolbox_S32K1xx/tools/gcc-6.3-arm32-eabi/arm-none-eabi/newlib/lib/thumb/v7e-m/fpv4-sp/hard\libc.a(lib_a-__call_atexit.o)
 .text.__call_exitprocs
                0x00000000       0xc8 C:/Users/termi/AppData/Roaming/MathWorks/MATLAB Add-Ons/Toolboxes/NXP_MBDToolbox_S32K1xx/tools/gcc-6.3-arm32-eabi/arm-none-eabi/newlib/lib/thumb/v7e-m/fpv4-sp/hard\libc.a(lib_a-__call_atexit.o)
 .text          0x00000000        0x0 C:/Users/termi/AppData/Roaming/MathWorks/MATLAB Add-Ons/Toolboxes/NXP_MBDToolbox_S32K1xx/tools/gcc-6.3-arm32-eabi/arm-none-eabi/newlib/lib/thumb/v7e-m/fpv4-sp/hard\libc.a(lib_a-fini.o)
 .data          0x00000000        0x0 C:/Users/termi/AppData/Roaming/MathWorks/MATLAB Add-Ons/Toolboxes/NXP_MBDToolbox_S32K1xx/tools/gcc-6.3-arm32-eabi/arm-none-eabi/newlib/lib/thumb/v7e-m/fpv4-sp/hard\libc.a(lib_a-fini.o)
 .bss           0x00000000        0x0 C:/Users/termi/AppData/Roaming/MathWorks/MATLAB Add-Ons/Toolboxes/NXP_MBDToolbox_S32K1xx/tools/gcc-6.3-arm32-eabi/arm-none-eabi/newlib/lib/thumb/v7e-m/fpv4-sp/hard\libc.a(lib_a-fini.o)
 .text          0x00000000        0x0 C:/Users/termi/AppData/Roaming/MathWorks/MATLAB Add-Ons/Toolboxes/NXP_MBDToolbox_S32K1xx/tools/gcc-6.3-arm32-eabi/arm-none-eabi/newlib/lib/thumb/v7e-m/fpv4-sp/hard\libc.a(lib_a-atexit.o)
 .data          0x00000000        0x0 C:/Users/termi/AppData/Roaming/MathWorks/MATLAB Add-Ons/Toolboxes/NXP_MBDToolbox_S32K1xx/tools/gcc-6.3-arm32-eabi/arm-none-eabi/newlib/lib/thumb/v7e-m/fpv4-sp/hard\libc.a(lib_a-atexit.o)
 .bss           0x00000000        0x0 C:/Users/termi/AppData/Roaming/MathWorks/MATLAB Add-Ons/Toolboxes/NXP_MBDToolbox_S32K1xx/tools/gcc-6.3-arm32-eabi/arm-none-eabi/newlib/lib/thumb/v7e-m/fpv4-sp/hard\libc.a(lib_a-atexit.o)
 .text          0x00000000        0x0 C:/Users/termi/AppData/Roaming/MathWorks/MATLAB Add-Ons/Toolboxes/NXP_MBDToolbox_S32K1xx/tools/gcc-6.3-arm32-eabi/arm-none-eabi/newlib/lib/thumb/v7e-m/fpv4-sp/hard\libc.a(lib_a-__atexit.o)
 .data          0x00000000        0x0 C:/Users/termi/AppData/Roaming/MathWorks/MATLAB Add-Ons/Toolboxes/NXP_MBDToolbox_S32K1xx/tools/gcc-6.3-arm32-eabi/arm-none-eabi/newlib/lib/thumb/v7e-m/fpv4-sp/hard\libc.a(lib_a-__atexit.o)
 .bss           0x00000000        0x0 C:/Users/termi/AppData/Roaming/MathWorks/MATLAB Add-Ons/Toolboxes/NXP_MBDToolbox_S32K1xx/tools/gcc-6.3-arm32-eabi/arm-none-eabi/newlib/lib/thumb/v7e-m/fpv4-sp/hard\libc.a(lib_a-__atexit.o)
 .text          0x00000000        0x0 C:/Users/termi/AppData/Roaming/MathWorks/MATLAB Add-Ons/Toolboxes/NXP_MBDToolbox_S32K1xx/tools/gcc-6.3-arm32-eabi/arm-none-eabi/newlib/lib/thumb/v7e-m/fpv4-sp/hard\libnosys.a(_exit.o)
 .data          0x00000000        0x0 C:/Users/termi/AppData/Roaming/MathWorks/MATLAB Add-Ons/Toolboxes/NXP_MBDToolbox_S32K1xx/tools/gcc-6.3-arm32-eabi/arm-none-eabi/newlib/lib/thumb/v7e-m/fpv4-sp/hard\libnosys.a(_exit.o)
 .bss           0x00000000        0x0 C:/Users/termi/AppData/Roaming/MathWorks/MATLAB Add-Ons/Toolboxes/NXP_MBDToolbox_S32K1xx/tools/gcc-6.3-arm32-eabi/arm-none-eabi/newlib/lib/thumb/v7e-m/fpv4-sp/hard\libnosys.a(_exit.o)
 .text._exit    0x00000000        0x2 C:/Users/termi/AppData/Roaming/MathWorks/MATLAB Add-Ons/Toolboxes/NXP_MBDToolbox_S32K1xx/tools/gcc-6.3-arm32-eabi/arm-none-eabi/newlib/lib/thumb/v7e-m/fpv4-sp/hard\libnosys.a(_exit.o)
 .debug_frame   0x00000000       0x20 C:/Users/termi/AppData/Roaming/MathWorks/MATLAB Add-Ons/Toolboxes/NXP_MBDToolbox_S32K1xx/tools/gcc-6.3-arm32-eabi/arm-none-eabi/newlib/lib/thumb/v7e-m/fpv4-sp/hard\libnosys.a(_exit.o)
 .ARM.attributes
                0x00000000       0x34 C:/Users/termi/AppData/Roaming/MathWorks/MATLAB Add-Ons/Toolboxes/NXP_MBDToolbox_S32K1xx/tools/gcc-6.3-arm32-eabi/arm-none-eabi/newlib/lib/thumb/v7e-m/fpv4-sp/hard\libnosys.a(_exit.o)
 .text          0x00000000        0x0 c:/users/termi/appdata/roaming/mathworks/matlab add-ons/toolboxes/nxp_mbdtoolbox_s32k1xx/tools/gcc-6.3-arm32-eabi/bin/../lib/gcc/arm-none-eabi/6.3.1/thumb/v7e-m/fpv4-sp/hard/crtend.o
 .data          0x00000000        0x0 c:/users/termi/appdata/roaming/mathworks/matlab add-ons/toolboxes/nxp_mbdtoolbox_s32k1xx/tools/gcc-6.3-arm32-eabi/bin/../lib/gcc/arm-none-eabi/6.3.1/thumb/v7e-m/fpv4-sp/hard/crtend.o
 .bss           0x00000000        0x0 c:/users/termi/appdata/roaming/mathworks/matlab add-ons/toolboxes/nxp_mbdtoolbox_s32k1xx/tools/gcc-6.3-arm32-eabi/bin/../lib/gcc/arm-none-eabi/6.3.1/thumb/v7e-m/fpv4-sp/hard/crtend.o
 .eh_frame      0x00000000        0x4 c:/users/termi/appdata/roaming/mathworks/matlab add-ons/toolboxes/nxp_mbdtoolbox_s32k1xx/tools/gcc-6.3-arm32-eabi/bin/../lib/gcc/arm-none-eabi/6.3.1/thumb/v7e-m/fpv4-sp/hard/crtend.o
 .text          0x00000000        0x0 c:/users/termi/appdata/roaming/mathworks/matlab add-ons/toolboxes/nxp_mbdtoolbox_s32k1xx/tools/gcc-6.3-arm32-eabi/bin/../lib/gcc/arm-none-eabi/6.3.1/thumb/v7e-m/fpv4-sp/hard/crtn.o
 .data          0x00000000        0x0 c:/users/termi/appdata/roaming/mathworks/matlab add-ons/toolboxes/nxp_mbdtoolbox_s32k1xx/tools/gcc-6.3-arm32-eabi/bin/../lib/gcc/arm-none-eabi/6.3.1/thumb/v7e-m/fpv4-sp/hard/crtn.o
 .bss           0x00000000        0x0 c:/users/termi/appdata/roaming/mathworks/matlab add-ons/toolboxes/nxp_mbdtoolbox_s32k1xx/tools/gcc-6.3-arm32-eabi/bin/../lib/gcc/arm-none-eabi/6.3.1/thumb/v7e-m/fpv4-sp/hard/crtn.o

Memory Configuration

Name             Origin             Length             Attributes
m_interrupts     0x00000000         0x00000400         xr
m_flash_config   0x00000400         0x00000010         xr
m_text           0x00000410         0x0003fbf0         xr
m_data           0x1fffe000         0x00002000         rw
m_data_2         0x20000000         0x00001000         rw
*default*        0x00000000         0xffffffff

Linker script and memory map

LOAD c:/users/termi/appdata/roaming/mathworks/matlab add-ons/toolboxes/nxp_mbdtoolbox_s32k1xx/tools/gcc-6.3-arm32-eabi/bin/../lib/gcc/arm-none-eabi/6.3.1/thumb/v7e-m/fpv4-sp/hard/crti.o
LOAD c:/users/termi/appdata/roaming/mathworks/matlab add-ons/toolboxes/nxp_mbdtoolbox_s32k1xx/tools/gcc-6.3-arm32-eabi/bin/../lib/gcc/arm-none-eabi/6.3.1/thumb/v7e-m/fpv4-sp/hard/crtbegin.o
LOAD C:/Users/termi/AppData/Roaming/MathWorks/MATLAB Add-Ons/Toolboxes/NXP_MBDToolbox_S32K1xx/tools/gcc-6.3-arm32-eabi/arm-none-eabi/newlib/lib/thumb/v7e-m/fpv4-sp/hard/crt0.o
                0x00000001                __ram_vector_table__ = 0x1
LOAD startup_S32K142.o
LOAD Esercitazione0.o
LOAD clock_S32K1xx.o
LOAD interrupt_manager.o
LOAD lpit_driver.o
LOAD mbd_main.o
LOAD pins_driver.o
LOAD pins_port_hw_access.o
LOAD power_manager.o
LOAD power_manager_S32K1xx.o
LOAD power_smc_hw_access.o
LOAD s32k_clock_init.o
LOAD startup.o
LOAD system_S32K142.o
LOAD C:/Users/termi/AppData/Roaming/MathWorks/MATLAB Add-Ons/Toolboxes/NXP_MBDToolbox_S32K1xx/tools/gcc-6.3-arm32-eabi/arm-none-eabi/newlib/lib/thumb/v7e-m/fpv4-sp/hard\libm.a
LOAD S32K14x_AMMCLIB.a
START GROUP
LOAD c:/users/termi/appdata/roaming/mathworks/matlab add-ons/toolboxes/nxp_mbdtoolbox_s32k1xx/tools/gcc-6.3-arm32-eabi/bin/../lib/gcc/arm-none-eabi/6.3.1/thumb/v7e-m/fpv4-sp/hard\libgcc.a
LOAD C:/Users/termi/AppData/Roaming/MathWorks/MATLAB Add-Ons/Toolboxes/NXP_MBDToolbox_S32K1xx/tools/gcc-6.3-arm32-eabi/arm-none-eabi/newlib/lib/thumb/v7e-m/fpv4-sp/hard\libc.a
END GROUP
START GROUP
LOAD c:/users/termi/appdata/roaming/mathworks/matlab add-ons/toolboxes/nxp_mbdtoolbox_s32k1xx/tools/gcc-6.3-arm32-eabi/bin/../lib/gcc/arm-none-eabi/6.3.1/thumb/v7e-m/fpv4-sp/hard\libgcc.a
LOAD C:/Users/termi/AppData/Roaming/MathWorks/MATLAB Add-Ons/Toolboxes/NXP_MBDToolbox_S32K1xx/tools/gcc-6.3-arm32-eabi/arm-none-eabi/newlib/lib/thumb/v7e-m/fpv4-sp/hard\libc.a
LOAD C:/Users/termi/AppData/Roaming/MathWorks/MATLAB Add-Ons/Toolboxes/NXP_MBDToolbox_S32K1xx/tools/gcc-6.3-arm32-eabi/arm-none-eabi/newlib/lib/thumb/v7e-m/fpv4-sp/hard\libnosys.a
END GROUP
LOAD c:/users/termi/appdata/roaming/mathworks/matlab add-ons/toolboxes/nxp_mbdtoolbox_s32k1xx/tools/gcc-6.3-arm32-eabi/bin/../lib/gcc/arm-none-eabi/6.3.1/thumb/v7e-m/fpv4-sp/hard/crtend.o
LOAD c:/users/termi/appdata/roaming/mathworks/matlab add-ons/toolboxes/nxp_mbdtoolbox_s32k1xx/tools/gcc-6.3-arm32-eabi/bin/../lib/gcc/arm-none-eabi/6.3.1/thumb/v7e-m/fpv4-sp/hard/crtn.o
                0x00000400                HEAP_SIZE = DEFINED (__heap_size__)?__heap_size__:0x400
                0x00000400                STACK_SIZE = DEFINED (__stack_size__)?__stack_size__:0x400
                0x00000400                M_VECTOR_RAM_SIZE = DEFINED (__flash_vector_table__)?0x0:0x400

.interrupts     0x00000000      0x400
                0x00000000                __VECTOR_TABLE = .
                0x00000000                __interrupts_start__ = .
                0x00000000                . = ALIGN (0x4)
 *(.isr_vector)
 .isr_vector    0x00000000      0x400 startup_S32K142.o
                0x00000000                __isr_vector
                0x00000400                __interrupts_end__ = .
                0x00000400                . = ALIGN (0x4)

.flash_config   0x00000400       0x10
                0x00000400                . = ALIGN (0x4)
 *(.FlashConfig)
 .FlashConfig   0x00000400       0x10 startup_S32K142.o
                0x00000410                . = ALIGN (0x4)

.text           0x00000410     0x3c44
                0x00000410                . = ALIGN (0x4)
 *(.text)
 .text          0x00000410       0xa4 c:/users/termi/appdata/roaming/mathworks/matlab add-ons/toolboxes/nxp_mbdtoolbox_s32k1xx/tools/gcc-6.3-arm32-eabi/bin/../lib/gcc/arm-none-eabi/6.3.1/thumb/v7e-m/fpv4-sp/hard/crtbegin.o
 .text          0x000004b4       0x6c startup_S32K142.o
                0x000004b4                Reset_Handler
                0x0000051c                Reserved111_IRQHandler
                0x0000051c                DebugMon_Handler
                0x0000051c                Reserved88_IRQHandler
                0x0000051c                CAN0_ORed_IRQHandler
                0x0000051c                HardFault_Handler
                0x0000051c                Reserved86_IRQHandler
                0x0000051c                Reserved103_IRQHandler
                0x0000051c                SysTick_Handler
                0x0000051c                FTM2_Ovf_Reload_IRQHandler
                0x0000051c                Reserved50_IRQHandler
                0x0000051c                FTFC_Fault_IRQHandler
                0x0000051c                FTM0_Ch6_Ch7_IRQHandler
                0x0000051c                Reserved114_IRQHandler
                0x0000051c                PendSV_Handler
                0x0000051c                NMI_Handler
                0x0000051c                Reserved89_IRQHandler
                0x0000051c                ERM_double_fault_IRQHandler
                0x0000051c                DMA2_IRQHandler
                0x0000051c                Reserved59_IRQHandler
                0x0000051c                Reserved99_IRQHandler
                0x0000051c                FTM3_Ch6_Ch7_IRQHandler
                0x0000051c                LPIT0_Ch3_IRQHandler
                0x0000051c                Reserved92_IRQHandler
                0x0000051c                FTM0_Ch4_Ch5_IRQHandler
                0x0000051c                CAN1_Error_IRQHandler
                0x0000051c                FTM3_Ch0_Ch1_IRQHandler
                0x0000051c                SWI_IRQHandler
                0x0000051c                ADC0_IRQHandler
                0x0000051c                FTM2_Ch4_Ch5_IRQHandler
                0x0000051c                UsageFault_Handler
                0x0000051c                FTM0_Ovf_Reload_IRQHandler
                0x0000051c                DefaultISR
                0x0000051c                DMA9_IRQHandler
                0x0000051c                Reserved58_IRQHandler
                0x0000051c                CAN1_ORed_0_15_MB_IRQHandler
                0x0000051c                FTM1_Ch2_Ch3_IRQHandler
                0x0000051c                DMA14_IRQHandler
                0x0000051c                Reserved82_IRQHandler
                0x0000051c                CAN0_ORed_16_31_MB_IRQHandler
                0x0000051c                LPI2C0_Slave_IRQHandler
                0x0000051c                Reserved71_IRQHandler
                0x0000051c                PORTD_IRQHandler
                0x0000051c                Reserved69_IRQHandler
                0x0000051c                PORTB_IRQHandler
                0x0000051c                Reserved70_IRQHandler
                0x0000051c                ADC1_IRQHandler
                0x0000051c                FTM2_Ch2_Ch3_IRQHandler
                0x0000051c                Reserved53_IRQHandler
                0x0000051c                DMA5_IRQHandler
                0x0000051c                RTC_IRQHandler
                0x0000051c                PDB0_IRQHandler
                0x0000051c                Reserved54_IRQHandler
                0x0000051c                FTM2_Ch6_Ch7_IRQHandler
                0x0000051c                FTM3_Ch2_Ch3_IRQHandler
                0x0000051c                FTM2_Ch0_Ch1_IRQHandler
                0x0000051c                LPSPI1_IRQHandler
                0x0000051c                LPUART1_RxTx_IRQHandler
                0x0000051c                RTC_Seconds_IRQHandler
                0x0000051c                Reserved108_IRQHandler
                0x0000051c                Reserved72_IRQHandler
                0x0000051c                Reserved110_IRQHandler
                0x0000051c                DMA11_IRQHandler
                0x0000051c                Reserved107_IRQHandler
                0x0000051c                Read_Collision_IRQHandler
                0x0000051c                FTFC_IRQHandler
                0x0000051c                DMA7_IRQHandler
                0x0000051c                FTM1_Ch6_Ch7_IRQHandler
                0x0000051c                Reserved105_IRQHandler
                0x0000051c                LPIT0_Ch1_IRQHandler
                0x0000051c                FTM1_Ch4_Ch5_IRQHandler
                0x0000051c                FTM3_Ovf_Reload_IRQHandler
                0x0000051c                LPSPI0_IRQHandler
                0x0000051c                WDOG_EWM_IRQHandler
                0x0000051c                MemManage_Handler
                0x0000051c                Reserved90_IRQHandler
                0x0000051c                Reserved83_IRQHandler
                0x0000051c                FTM0_Fault_IRQHandler
                0x0000051c                Reserved48_IRQHandler
                0x0000051c                SVC_Handler
                0x0000051c                ERM_single_fault_IRQHandler
                0x0000051c                FTM2_Fault_IRQHandler
                0x0000051c                FTM0_Ch2_Ch3_IRQHandler
                0x0000051c                Reserved109_IRQHandler
                0x0000051c                DMA13_IRQHandler
                0x0000051c                FTM0_Ch0_Ch1_IRQHandler
                0x0000051c                FTM3_Fault_IRQHandler
                0x0000051c                RCM_IRQHandler
                0x0000051c                DMA3_IRQHandler
                0x0000051c                Reserved100_IRQHandler
                0x0000051c                DMA0_IRQHandler
                0x0000051c                Reserved91_IRQHandler
                0x0000051c                CAN1_ORed_IRQHandler
                0x0000051c                DMA15_IRQHandler
                0x0000051c                SCG_IRQHandler
                0x0000051c                PDB1_IRQHandler
                0x0000051c                Reserved81_IRQHandler
                0x0000051c                Reserved46_IRQHandler
                0x0000051c                Reserved45_IRQHandler
                0x0000051c                CAN0_Error_IRQHandler
                0x0000051c                Reserved112_IRQHandler
                0x0000051c                LPI2C0_Master_IRQHandler
                0x0000051c                DMA4_IRQHandler
                0x0000051c                FTM1_Fault_IRQHandler
                0x0000051c                Reserved106_IRQHandler
                0x0000051c                DMA_Error_IRQHandler
                0x0000051c                LVD_LVW_IRQHandler
                0x0000051c                LPIT0_Ch2_IRQHandler
                0x0000051c                Reserved51_IRQHandler
                0x0000051c                PORTA_IRQHandler
                0x0000051c                MCM_IRQHandler
                0x0000051c                DMA12_IRQHandler
                0x0000051c                Reserved44_IRQHandler
                0x0000051c                FTM3_Ch4_Ch5_IRQHandler
                0x0000051c                CAN0_ORed_0_15_MB_IRQHandler
                0x0000051c                PORTE_IRQHandler
                0x0000051c                LPUART0_RxTx_IRQHandler
                0x0000051c                LPTMR0_IRQHandler
                0x0000051c                BusFault_Handler
                0x0000051c                Reserved87_IRQHandler
                0x0000051c                FTM1_Ovf_Reload_IRQHandler
                0x0000051c                DMA8_IRQHandler
                0x0000051c                Reserved93_IRQHandler
                0x0000051c                DMA10_IRQHandler
                0x0000051c                CAN0_Wake_Up_IRQHandler
                0x0000051c                CMP0_IRQHandler
                0x0000051c                Reserved52_IRQHandler
                0x0000051c                PORTC_IRQHandler
                0x0000051c                DMA6_IRQHandler
                0x0000051c                FTM1_Ch0_Ch1_IRQHandler
                0x0000051c                FLEXIO_IRQHandler
                0x0000051c                DMA1_IRQHandler
                0x0000051c                Reserved113_IRQHandler
 .text          0x00000520      0x14c Esercitazione0.o
                0x00000520                Esercitazione0_step
                0x0000059c                Esercitazione0_initialize
                0x00000668                Esercitazione0_terminate
 .text          0x0000066c     0x1c88 clock_S32K1xx.o
                0x000013e2                CLOCK_DRV_Init
                0x00001a10                CLOCK_DRV_GetFreq
                0x00001c18                CLOCK_DRV_SetModuleClock
                0x00001d84                CLOCK_DRV_SetSystemClock
                0x00001eac                CLOCK_DRV_GetSystemClockSource
                0x00001f08                CLOCK_DRV_SetClockSource
                0x000021b8                CLOCK_SYS_Init
                0x000021d4                CLOCK_SYS_UpdateConfiguration
                0x000022bc                CLOCK_SYS_GetCurrentConfiguration
                0x000022c8                CLOCK_SYS_GetErrorCallback
                0x000022e4                CLOCK_SYS_GetFreq
                0x000022ec                CLOCK_SYS_SetConfiguration
 .text          0x000022f4      0x1ac interrupt_manager.o
                0x000022f4                INT_SYS_InstallHandler
                0x00002334                INT_SYS_EnableIRQ
                0x0000234c                INT_SYS_DisableIRQ
                0x00002368                INT_SYS_EnableIRQGlobal
                0x00002384                INT_SYS_DisableIRQGlobal
                0x00002394                INT_SYS_SetPriority
                0x000023ec                INT_SYS_GetPriority
                0x00002430                INT_SYS_ClearPending
                0x0000244c                INT_SYS_SetPending
                0x00002468                INT_SYS_GetPending
                0x00002484                INT_SYS_GetActive
 .text          0x000024a0      0x62c lpit_driver.o
                0x000024a0                LPIT_DRV_GetDefaultConfig
                0x000024a8                LPIT_DRV_GetDefaultChanConfig
                0x000024c8                LPIT_DRV_Init
                0x00002574                LPIT_DRV_Deinit
                0x00002584                LPIT_DRV_StartTimerChannels
                0x00002594                LPIT_DRV_StopTimerChannels
                0x000025a4                LPIT_DRV_SetTimerPeriodByUs
                0x00002650                LPIT_DRV_InitChannel
                0x000027d8                LPIT_DRV_SetTimerPeriodInDual16ModeByUs
                0x0000285c                LPIT_DRV_GetTimerPeriodByUs
                0x00002970                LPIT_DRV_GetCurrentTimerUs
                0x00002a28                LPIT_DRV_SetTimerPeriodByCount
                0x00002a38                LPIT_DRV_SetTimerPeriodInDual16ModeByCount
                0x00002a4c                LPIT_DRV_GetTimerPeriodByCount
                0x00002a70                LPIT_DRV_GetCurrentTimerCount
                0x00002a94                LPIT_DRV_EnableTimerChannelInterrupt
                0x00002aa4                LPIT_DRV_DisableTimerChannelInterrupt
                0x00002ab4                LPIT_DRV_GetInterruptFlagTimerChannels
                0x00002ac0                LPIT_DRV_ClearInterruptFlagTimerChannels
 .text          0x00002acc       0x88 mbd_main.o
                0x00002acc                LPIT0_Ch0_IRQHandler
                0x00002adc                SYSTEM_INIT_TASK
                0x00002ae4                SYSTEM_TASK
                0x00002aec                lpit0_init_step_timer
                0x00002b28                main
 .text          0x00002b54      0x144 pins_driver.o
                0x00002b54                PINS_DRV_Init
                0x00002b74                PINS_DRV_SetPullSel
                0x00002bae                PINS_DRV_SetMuxModeSel
                0x00002bb6                PINS_DRV_SetPinIntSel
                0x00002bcc                PINS_DRV_GetPinIntSel
                0x00002bd6                PINS_DRV_ClearPinIntFlagCmd
                0x00002be4                PINS_DRV_EnableDigitalFilter
                0x00002bf6                PINS_DRV_DisableDigitalFilter
                0x00002c0a                PINS_DRV_ConfigDigitalFilter
                0x00002c20                PINS_DRV_GetPortIntFlag
                0x00002c26                PINS_DRV_ClearPortIntFlagCmd
                0x00002c30                PINS_DRV_GetPinsDirection
                0x00002c34                PINS_DRV_SetPinDirection
                0x00002c4c                PINS_DRV_SetPinsDirection
                0x00002c50                PINS_DRV_SetPortInputDisable
                0x00002c54                PINS_DRV_GetPortInputDisable
                0x00002c58                PINS_DRV_SetGlobalPinControl
                0x00002c60                PINS_DRV_SetGlobalIntControl
                0x00002c68                PINS_DRV_WritePin
                0x00002c80                PINS_DRV_WritePins
                0x00002c84                PINS_DRV_GetPinsOutput
                0x00002c88                PINS_DRV_SetPins
                0x00002c8c                PINS_DRV_ClearPins
                0x00002c90                PINS_DRV_TogglePins
                0x00002c94                PINS_DRV_ReadPins
 .text          0x00002c98      0x224 pins_port_hw_access.o
                0x00002d08                PINS_Init
                0x00002e1c                PINS_SetMuxModeSel
                0x00002e6c                PINS_SetGlobalPinControl
                0x00002e98                PINS_SetGlobalIntControl
 .text          0x00002ebc      0x1d0 power_manager.o
                0x00002f60                POWER_SYS_Init
                0x00002f8c                POWER_SYS_Deinit
                0x00002fa4                POWER_SYS_GetLastMode
                0x00002fbc                POWER_SYS_GetLastModeConfig
                0x00002fd8                POWER_SYS_GetErrorCallbackIndex
                0x00002fe4                POWER_SYS_GetErrorCallback
                0x00003000                POWER_SYS_SetMode
                0x00003080                POWER_SYS_GetDefaultConfig
 .text          0x0000308c      0x504 power_manager_S32K1xx.o
                0x00003158                POWER_SYS_DoInit
                0x000031f0                POWER_SYS_DoDeinit
                0x00003204                POWER_SYS_GetCurrentMode
                0x00003228                POWER_SYS_DoSetMode
                0x0000352e                POWER_SYS_GetResetSrcStatusCmd
 .text          0x00003590      0x184 power_smc_hw_access.o
                0x00003600                SMC_SetPowerMode
                0x000036fc                SMC_SetProtectionMode
 .text          0x00003714      0x150 s32k_clock_init.o
                0x00003714                Clock_Setup
                0x00003814                UpdateSystickConfig
                0x0000382c                lpit0_clock_init
 .text          0x00003864       0xd8 startup.o
                0x00003864                init_data_bss
 .text          0x0000393c       0xd4 system_S32K142.o
                0x0000393c                SystemInit
                0x00003978                SystemCoreClockUpdate
                0x000039f8                SystemSoftwareReset
 .text          0x00003a10       0x30 c:/users/termi/appdata/roaming/mathworks/matlab add-ons/toolboxes/nxp_mbdtoolbox_s32k1xx/tools/gcc-6.3-arm32-eabi/bin/../lib/gcc/arm-none-eabi/6.3.1/thumb/v7e-m/fpv4-sp/hard\libgcc.a(_aeabi_uldivmod.o)
                0x00003a10                __aeabi_uldivmod
 .text          0x00003a40      0x2e4 c:/users/termi/appdata/roaming/mathworks/matlab add-ons/toolboxes/nxp_mbdtoolbox_s32k1xx/tools/gcc-6.3-arm32-eabi/bin/../lib/gcc/arm-none-eabi/6.3.1/thumb/v7e-m/fpv4-sp/hard\libgcc.a(_udivmoddi4.o)
                0x00003a40                __udivmoddi4
 .text          0x00003d24        0x4 c:/users/termi/appdata/roaming/mathworks/matlab add-ons/toolboxes/nxp_mbdtoolbox_s32k1xx/tools/gcc-6.3-arm32-eabi/bin/../lib/gcc/arm-none-eabi/6.3.1/thumb/v7e-m/fpv4-sp/hard\libgcc.a(_dvmd_tls.o)
                0x00003d24                __aeabi_idiv0
                0x00003d24                __aeabi_ldiv0
 *(.text*)
 .text.memset   0x00003d28       0x10 C:/Users/termi/AppData/Roaming/MathWorks/MATLAB Add-Ons/Toolboxes/NXP_MBDToolbox_S32K1xx/tools/gcc-6.3-arm32-eabi/arm-none-eabi/newlib/lib/thumb/v7e-m/fpv4-sp/hard\libc.a(lib_a-memset.o)
                0x00003d28                memset
 .text.startup.register_fini
                0x00003d38       0x14 C:/Users/termi/AppData/Roaming/MathWorks/MATLAB Add-Ons/Toolboxes/NXP_MBDToolbox_S32K1xx/tools/gcc-6.3-arm32-eabi/arm-none-eabi/newlib/lib/thumb/v7e-m/fpv4-sp/hard\libc.a(lib_a-__call_atexit.o)
 .text.__libc_fini_array
                0x00003d4c       0x28 C:/Users/termi/AppData/Roaming/MathWorks/MATLAB Add-Ons/Toolboxes/NXP_MBDToolbox_S32K1xx/tools/gcc-6.3-arm32-eabi/arm-none-eabi/newlib/lib/thumb/v7e-m/fpv4-sp/hard\libc.a(lib_a-fini.o)
                0x00003d4c                __libc_fini_array
 .text.atexit   0x00003d74        0xc C:/Users/termi/AppData/Roaming/MathWorks/MATLAB Add-Ons/Toolboxes/NXP_MBDToolbox_S32K1xx/tools/gcc-6.3-arm32-eabi/arm-none-eabi/newlib/lib/thumb/v7e-m/fpv4-sp/hard\libc.a(lib_a-atexit.o)
                0x00003d74                atexit
 .text.__register_exitproc
                0x00003d80       0x98 C:/Users/termi/AppData/Roaming/MathWorks/MATLAB Add-Ons/Toolboxes/NXP_MBDToolbox_S32K1xx/tools/gcc-6.3-arm32-eabi/arm-none-eabi/newlib/lib/thumb/v7e-m/fpv4-sp/hard\libc.a(lib_a-__atexit.o)
                0x00003d80                __register_exitproc
 *(.rodata)
 .rodata        0x00003e18      0x201 clock_S32K1xx.o
                0x00003f14                clockNameMappings
                0x00003fbc                peripheralFeaturesList
 *fill*         0x00004019        0x3 
 .rodata        0x0000401c       0x18 mbd_main.o
 .rodata        0x00004034        0x2 s32k_clock_init.o
 *(.rodata*)
 *fill*         0x00004036        0x2 
 .rodata._global_impure_ptr
                0x00004038        0x4 C:/Users/termi/AppData/Roaming/MathWorks/MATLAB Add-Ons/Toolboxes/NXP_MBDToolbox_S32K1xx/tools/gcc-6.3-arm32-eabi/arm-none-eabi/newlib/lib/thumb/v7e-m/fpv4-sp/hard\libc.a(lib_a-impure.o)
                0x00004038                _global_impure_ptr
 *(.glue_7)
 .glue_7        0x0000403c        0x0 linker stubs
 *(.glue_7t)
 .glue_7t       0x0000403c        0x0 linker stubs
 *(.eh_frame)
 .eh_frame      0x0000403c        0x0 c:/users/termi/appdata/roaming/mathworks/matlab add-ons/toolboxes/nxp_mbdtoolbox_s32k1xx/tools/gcc-6.3-arm32-eabi/bin/../lib/gcc/arm-none-eabi/6.3.1/thumb/v7e-m/fpv4-sp/hard/crtbegin.o
 *(.init)
 .init          0x0000403c        0x4 c:/users/termi/appdata/roaming/mathworks/matlab add-ons/toolboxes/nxp_mbdtoolbox_s32k1xx/tools/gcc-6.3-arm32-eabi/bin/../lib/gcc/arm-none-eabi/6.3.1/thumb/v7e-m/fpv4-sp/hard/crti.o
                0x0000403c                _init
 .init          0x00004040        0x8 c:/users/termi/appdata/roaming/mathworks/matlab add-ons/toolboxes/nxp_mbdtoolbox_s32k1xx/tools/gcc-6.3-arm32-eabi/bin/../lib/gcc/arm-none-eabi/6.3.1/thumb/v7e-m/fpv4-sp/hard/crtn.o
 *(.fini)
 .fini          0x00004048        0x4 c:/users/termi/appdata/roaming/mathworks/matlab add-ons/toolboxes/nxp_mbdtoolbox_s32k1xx/tools/gcc-6.3-arm32-eabi/bin/../lib/gcc/arm-none-eabi/6.3.1/thumb/v7e-m/fpv4-sp/hard/crti.o
                0x00004048                _fini
 .fini          0x0000404c        0x8 c:/users/termi/appdata/roaming/mathworks/matlab add-ons/toolboxes/nxp_mbdtoolbox_s32k1xx/tools/gcc-6.3-arm32-eabi/bin/../lib/gcc/arm-none-eabi/6.3.1/thumb/v7e-m/fpv4-sp/hard/crtn.o
                0x00004054                . = ALIGN (0x4)

.vfp11_veneer   0x00004054        0x0
 .vfp11_veneer  0x00004054        0x0 linker stubs

.v4_bx          0x00004054        0x0
 .v4_bx         0x00004054        0x0 linker stubs

.iplt           0x00004054        0x0
 .iplt          0x00004054        0x0 c:/users/termi/appdata/roaming/mathworks/matlab add-ons/toolboxes/nxp_mbdtoolbox_s32k1xx/tools/gcc-6.3-arm32-eabi/bin/../lib/gcc/arm-none-eabi/6.3.1/thumb/v7e-m/fpv4-sp/hard/crtbegin.o

.ARM.extab
 *(.ARM.extab* .gnu.linkonce.armextab.*)

.ARM            0x00004054        0x8
                0x00004054                __exidx_start = .
 *(.ARM.exidx*)
 .ARM.exidx     0x00004054        0x8 c:/users/termi/appdata/roaming/mathworks/matlab add-ons/toolboxes/nxp_mbdtoolbox_s32k1xx/tools/gcc-6.3-arm32-eabi/bin/../lib/gcc/arm-none-eabi/6.3.1/thumb/v7e-m/fpv4-sp/hard\libgcc.a(_udivmoddi4.o)
                0x0000405c                __exidx_end = .

.rel.dyn        0x0000405c        0x0
 .rel.iplt      0x0000405c        0x0 c:/users/termi/appdata/roaming/mathworks/matlab add-ons/toolboxes/nxp_mbdtoolbox_s32k1xx/tools/gcc-6.3-arm32-eabi/bin/../lib/gcc/arm-none-eabi/6.3.1/thumb/v7e-m/fpv4-sp/hard/crtbegin.o

.ctors          0x0000405c        0x0
                0x0000405c                __CTOR_LIST__ = .
 *crtbegin.o(.ctors)
 *crtbegin?.o(.ctors)
 *(EXCLUDE_FILE(*crtend.o *crtend?.o) .ctors)
 *(SORT(.ctors.*))
 *(.ctors)
                0x0000405c                __CTOR_END__ = .

.dtors          0x0000405c        0x0
                0x0000405c                __DTOR_LIST__ = .
 *crtbegin.o(.dtors)
 *crtbegin?.o(.dtors)
 *(EXCLUDE_FILE(*crtend.o *crtend?.o) .dtors)
 *(SORT(.dtors.*))
 *(.dtors)
                0x0000405c                __DTOR_END__ = .

.preinit_array  0x0000405c        0x0
                0x0000405c                PROVIDE (__preinit_array_start, .)
 *(.preinit_array*)
                0x0000405c                PROVIDE (__preinit_array_end, .)

.init_array     0x0000405c        0x8
                0x0000405c                PROVIDE (__init_array_start, .)
 *(SORT(.init_array.*))
 .init_array.00000
                0x0000405c        0x4 C:/Users/termi/AppData/Roaming/MathWorks/MATLAB Add-Ons/Toolboxes/NXP_MBDToolbox_S32K1xx/tools/gcc-6.3-arm32-eabi/arm-none-eabi/newlib/lib/thumb/v7e-m/fpv4-sp/hard\libc.a(lib_a-__call_atexit.o)
 *(.init_array*)
 .init_array    0x00004060        0x4 c:/users/termi/appdata/roaming/mathworks/matlab add-ons/toolboxes/nxp_mbdtoolbox_s32k1xx/tools/gcc-6.3-arm32-eabi/bin/../lib/gcc/arm-none-eabi/6.3.1/thumb/v7e-m/fpv4-sp/hard/crtbegin.o
                0x00004064                PROVIDE (__init_array_end, .)

.fini_array     0x00004064        0x4
                0x00004064                PROVIDE (__fini_array_start, .)
 *(SORT(.fini_array.*))
 *(.fini_array*)
 .fini_array    0x00004064        0x4 c:/users/termi/appdata/roaming/mathworks/matlab add-ons/toolboxes/nxp_mbdtoolbox_s32k1xx/tools/gcc-6.3-arm32-eabi/bin/../lib/gcc/arm-none-eabi/6.3.1/thumb/v7e-m/fpv4-sp/hard/crtbegin.o
                0x00004068                PROVIDE (__fini_array_end, .)
                0x00004068                __etext = .
                0x00004068                __DATA_ROM = .

.interrupts_ram
                0x1fffe000      0x400
                0x1fffe000                . = ALIGN (0x4)
                0x1fffe000                __VECTOR_RAM__ = .
                0x1fffe000                __RAM_START = .
                0x1fffe000                __interrupts_ram_start__ = .
 *(.m_interrupts_ram)
                0x1fffe400                . = (. + M_VECTOR_RAM_SIZE)
 *fill*         0x1fffe000      0x400 
                0x1fffe400                . = ALIGN (0x4)
                0x1fffe400                __interrupts_ram_end__ = .
                0x1fffe000                __VECTOR_RAM = DEFINED (__flash_vector_table__)?ORIGIN (m_interrupts):__VECTOR_RAM__
                0x00000400                __RAM_VECTOR_TABLE_SIZE = DEFINED (__flash_vector_table__)?0x0:(__interrupts_ram_end__ - __interrupts_ram_start__)

.data           0x1fffe400      0x4b4 load address 0x00004068
                0x1fffe400                . = ALIGN (0x4)
                0x1fffe400                __DATA_RAM = .
                0x1fffe400                __data_start__ = .
 *(.data)
 .data          0x1fffe400       0x91 clock_S32K1xx.o
 .data          0x1fffe491        0x1 s32k_clock_init.o
 *fill*         0x1fffe492        0x2 
 .data          0x1fffe494        0x4 system_S32K142.o
                0x1fffe494                SystemCoreClock
 *(.data*)
 .data.impure_data
                0x1fffe498      0x418 C:/Users/termi/AppData/Roaming/MathWorks/MATLAB Add-Ons/Toolboxes/NXP_MBDToolbox_S32K1xx/tools/gcc-6.3-arm32-eabi/arm-none-eabi/newlib/lib/thumb/v7e-m/fpv4-sp/hard\libc.a(lib_a-impure.o)
 *(.jcr*)
 .jcr           0x1fffe8b0        0x0 c:/users/termi/appdata/roaming/mathworks/matlab add-ons/toolboxes/nxp_mbdtoolbox_s32k1xx/tools/gcc-6.3-arm32-eabi/bin/../lib/gcc/arm-none-eabi/6.3.1/thumb/v7e-m/fpv4-sp/hard/crtbegin.o
 .jcr           0x1fffe8b0        0x4 c:/users/termi/appdata/roaming/mathworks/matlab add-ons/toolboxes/nxp_mbdtoolbox_s32k1xx/tools/gcc-6.3-arm32-eabi/bin/../lib/gcc/arm-none-eabi/6.3.1/thumb/v7e-m/fpv4-sp/hard/crtend.o
                0x1fffe8b4                . = ALIGN (0x4)
                0x1fffe8b4                __data_end__ = .
                0x0000451c                __DATA_END = (__DATA_ROM + (__data_end__ - __data_start__))
                0x0000451c                __CODE_ROM = __DATA_END

.tm_clone_table
                0x1fffe8b4        0x0 load address 0x0000451c
 .tm_clone_table
                0x1fffe8b4        0x0 c:/users/termi/appdata/roaming/mathworks/matlab add-ons/toolboxes/nxp_mbdtoolbox_s32k1xx/tools/gcc-6.3-arm32-eabi/bin/../lib/gcc/arm-none-eabi/6.3.1/thumb/v7e-m/fpv4-sp/hard/crtbegin.o
 .tm_clone_table
                0x1fffe8b4        0x0 c:/users/termi/appdata/roaming/mathworks/matlab add-ons/toolboxes/nxp_mbdtoolbox_s32k1xx/tools/gcc-6.3-arm32-eabi/bin/../lib/gcc/arm-none-eabi/6.3.1/thumb/v7e-m/fpv4-sp/hard/crtend.o

.igot.plt       0x1fffe8b4        0x0 load address 0x0000451c
 .igot.plt      0x1fffe8b4        0x0 c:/users/termi/appdata/roaming/mathworks/matlab add-ons/toolboxes/nxp_mbdtoolbox_s32k1xx/tools/gcc-6.3-arm32-eabi/bin/../lib/gcc/arm-none-eabi/6.3.1/thumb/v7e-m/fpv4-sp/hard/crtbegin.o

.code           0x1fffe8b4        0x0 load address 0x0000451c
                0x1fffe8b4                . = ALIGN (0x4)
                0x1fffe8b4                __CODE_RAM = .
                0x1fffe8b4                __code_start__ = .
                0x1fffe8b4                __code_ram_start__ = .
 *(.code_ram)
                0x1fffe8b4                . = ALIGN (0x4)
                0x1fffe8b4                __code_end__ = .
                0x1fffe8b4                __code_ram_end__ = .
                0x0000451c                __CODE_END = (__CODE_ROM + (__code_end__ - __code_start__))
                0x0000451c                __CUSTOM_ROM = __CODE_END

.customSectionBlock
                0x20000000        0x0 load address 0x0000451c
                0x20000000                __customSection_start__ = .
 *(.customSection)
                0x20000000                __customSection_end__ = .
                0x0000451c                __CUSTOM_END = (__CUSTOM_ROM + (__customSection_end__ - __customSection_start__))

.bss            0x20000000       0x6c
                0x20000000                . = ALIGN (0x4)
                0x20000000                __BSS_START = .
                0x20000000                __bss_start__ = .
 *(.bss)
 .bss           0x20000000       0x1c c:/users/termi/appdata/roaming/mathworks/matlab add-ons/toolboxes/nxp_mbdtoolbox_s32k1xx/tools/gcc-6.3-arm32-eabi/bin/../lib/gcc/arm-none-eabi/6.3.1/thumb/v7e-m/fpv4-sp/hard/crtbegin.o
 .bss           0x2000001c       0x10 clock_S32K1xx.o
 .bss           0x2000002c        0x4 interrupt_manager.o
 .bss           0x20000030        0x4 lpit_driver.o
 .bss           0x20000034        0xc power_manager_S32K1xx.o
 *(.bss*)
 *(COMMON)
 COMMON         0x20000040        0x6 Esercitazione0.o
                0x20000040                Esercitazione0_DW
                0x20000044                Esercitazione0_B
 *fill*         0x20000046        0x2 
 COMMON         0x20000048       0x14 clock_S32K1xx.o
                0x20000048                g_xtal0ClkFreq
                0x2000004c                g_RtcClkInFreq
                0x20000050                g_TClkFreq
 COMMON         0x2000005c       0x10 power_manager_S32K1xx.o
                0x2000005c                gPowerManagerState
                0x2000006c                . = ALIGN (0x4)
                0x2000006c                __bss_end__ = .
                0x2000006c                __BSS_END = .

.heap           0x2000006c      0x404
                0x20000070                . = ALIGN (0x8)
 *fill*         0x2000006c        0x4 
                0x20000070                __end__ = .
                0x20000070                __heap_start__ = .
                [!provide]                PROVIDE (end, .)
                [!provide]                PROVIDE (_end, .)
                [!provide]                PROVIDE (__end, .)
                0x20000070                __HeapBase = .
                0x20000470                . = (. + HEAP_SIZE)
 *fill*         0x20000070      0x400 
                0x20000470                __HeapLimit = .
                0x20000470                __heap_limit = .
                0x20000470                __heap_end__ = .
                0x20001000                __StackTop = (ORIGIN (m_data_2) + LENGTH (m_data_2))
                0x20000c00                __StackLimit = (__StackTop - STACK_SIZE)
                0x20001000                PROVIDE (__stack, __StackTop)
                0x20001000                __RAM_END = __StackTop

.stack          0x20000c00      0x400
                0x20000c00                . = ALIGN (0x8)
                0x20000c00                __stack_start__ = .
                0x20001000                . = (. + STACK_SIZE)
 *fill*         0x20000c00      0x400 
                0x20001000                __stack_end__ = .

.ARM.attributes
                0x00000000       0x30
 *(.ARM.attributes)
 .ARM.attributes
                0x00000000       0x22 c:/users/termi/appdata/roaming/mathworks/matlab add-ons/toolboxes/nxp_mbdtoolbox_s32k1xx/tools/gcc-6.3-arm32-eabi/bin/../lib/gcc/arm-none-eabi/6.3.1/thumb/v7e-m/fpv4-sp/hard/crti.o
 .ARM.attributes
                0x00000022       0x34 c:/users/termi/appdata/roaming/mathworks/matlab add-ons/toolboxes/nxp_mbdtoolbox_s32k1xx/tools/gcc-6.3-arm32-eabi/bin/../lib/gcc/arm-none-eabi/6.3.1/thumb/v7e-m/fpv4-sp/hard/crtbegin.o
 .ARM.attributes
                0x00000056       0x1f startup_S32K142.o
 .ARM.attributes
                0x00000075       0x39 Esercitazione0.o
 .ARM.attributes
                0x000000ae       0x39 clock_S32K1xx.o
 .ARM.attributes
                0x000000e7       0x39 interrupt_manager.o
 .ARM.attributes
                0x00000120       0x39 lpit_driver.o
 .ARM.attributes
                0x00000159       0x39 mbd_main.o
 .ARM.attributes
                0x00000192       0x39 pins_driver.o
 .ARM.attributes
                0x000001cb       0x39 pins_port_hw_access.o
 .ARM.attributes
                0x00000204       0x39 power_manager.o
 .ARM.attributes
                0x0000023d       0x39 power_manager_S32K1xx.o
 .ARM.attributes
                0x00000276       0x39 power_smc_hw_access.o
 .ARM.attributes
                0x000002af       0x39 s32k_clock_init.o
 .ARM.attributes
                0x000002e8       0x39 startup.o
 .ARM.attributes
                0x00000321       0x39 system_S32K142.o
 .ARM.attributes
                0x0000035a       0x22 c:/users/termi/appdata/roaming/mathworks/matlab add-ons/toolboxes/nxp_mbdtoolbox_s32k1xx/tools/gcc-6.3-arm32-eabi/bin/../lib/gcc/arm-none-eabi/6.3.1/thumb/v7e-m/fpv4-sp/hard\libgcc.a(_aeabi_uldivmod.o)
 .ARM.attributes
                0x0000037c       0x34 c:/users/termi/appdata/roaming/mathworks/matlab add-ons/toolboxes/nxp_mbdtoolbox_s32k1xx/tools/gcc-6.3-arm32-eabi/bin/../lib/gcc/arm-none-eabi/6.3.1/thumb/v7e-m/fpv4-sp/hard\libgcc.a(_udivmoddi4.o)
 .ARM.attributes
                0x000003b0       0x22 c:/users/termi/appdata/roaming/mathworks/matlab add-ons/toolboxes/nxp_mbdtoolbox_s32k1xx/tools/gcc-6.3-arm32-eabi/bin/../lib/gcc/arm-none-eabi/6.3.1/thumb/v7e-m/fpv4-sp/hard\libgcc.a(_dvmd_tls.o)
 .ARM.attributes
                0x000003d2       0x34 C:/Users/termi/AppData/Roaming/MathWorks/MATLAB Add-Ons/Toolboxes/NXP_MBDToolbox_S32K1xx/tools/gcc-6.3-arm32-eabi/arm-none-eabi/newlib/lib/thumb/v7e-m/fpv4-sp/hard\libc.a(lib_a-impure.o)
 .ARM.attributes
                0x00000406       0x34 C:/Users/termi/AppData/Roaming/MathWorks/MATLAB Add-Ons/Toolboxes/NXP_MBDToolbox_S32K1xx/tools/gcc-6.3-arm32-eabi/arm-none-eabi/newlib/lib/thumb/v7e-m/fpv4-sp/hard\libc.a(lib_a-memset.o)
 .ARM.attributes
                0x0000043a       0x34 C:/Users/termi/AppData/Roaming/MathWorks/MATLAB Add-Ons/Toolboxes/NXP_MBDToolbox_S32K1xx/tools/gcc-6.3-arm32-eabi/arm-none-eabi/newlib/lib/thumb/v7e-m/fpv4-sp/hard\libc.a(lib_a-__call_atexit.o)
 .ARM.attributes
                0x0000046e       0x34 C:/Users/termi/AppData/Roaming/MathWorks/MATLAB Add-Ons/Toolboxes/NXP_MBDToolbox_S32K1xx/tools/gcc-6.3-arm32-eabi/arm-none-eabi/newlib/lib/thumb/v7e-m/fpv4-sp/hard\libc.a(lib_a-fini.o)
 .ARM.attributes
                0x000004a2       0x34 C:/Users/termi/AppData/Roaming/MathWorks/MATLAB Add-Ons/Toolboxes/NXP_MBDToolbox_S32K1xx/tools/gcc-6.3-arm32-eabi/arm-none-eabi/newlib/lib/thumb/v7e-m/fpv4-sp/hard\libc.a(lib_a-atexit.o)
 .ARM.attributes
                0x000004d6       0x34 C:/Users/termi/AppData/Roaming/MathWorks/MATLAB Add-Ons/Toolboxes/NXP_MBDToolbox_S32K1xx/tools/gcc-6.3-arm32-eabi/arm-none-eabi/newlib/lib/thumb/v7e-m/fpv4-sp/hard\libc.a(lib_a-__atexit.o)
 .ARM.attributes
                0x0000050a       0x34 c:/users/termi/appdata/roaming/mathworks/matlab add-ons/toolboxes/nxp_mbdtoolbox_s32k1xx/tools/gcc-6.3-arm32-eabi/bin/../lib/gcc/arm-none-eabi/6.3.1/thumb/v7e-m/fpv4-sp/hard/crtend.o
 .ARM.attributes
                0x0000053e       0x22 c:/users/termi/appdata/roaming/mathworks/matlab add-ons/toolboxes/nxp_mbdtoolbox_s32k1xx/tools/gcc-6.3-arm32-eabi/bin/../lib/gcc/arm-none-eabi/6.3.1/thumb/v7e-m/fpv4-sp/hard/crtn.o
                0x00000001                ASSERT ((__StackLimit >= __HeapLimit), region m_data_2 overflowed with stack and heap)
OUTPUT(Esercitazione0.elf elf32-littlearm)

.comment        0x00000000       0xa0
 .comment       0x00000000       0xa0 c:/users/termi/appdata/roaming/mathworks/matlab add-ons/toolboxes/nxp_mbdtoolbox_s32k1xx/tools/gcc-6.3-arm32-eabi/bin/../lib/gcc/arm-none-eabi/6.3.1/thumb/v7e-m/fpv4-sp/hard/crtbegin.o
                                 0xa1 (size before relaxing)
 .comment       0x000000a0       0xa1 Esercitazione0.o
 .comment       0x000000a0       0xa1 clock_S32K1xx.o
 .comment       0x000000a0       0xa1 interrupt_manager.o
 .comment       0x000000a0       0xa1 lpit_driver.o
 .comment       0x000000a0       0xa1 mbd_main.o
 .comment       0x000000a0       0xa1 pins_driver.o
 .comment       0x000000a0       0xa1 pins_port_hw_access.o
 .comment       0x000000a0       0xa1 power_manager.o
 .comment       0x000000a0       0xa1 power_manager_S32K1xx.o
 .comment       0x000000a0       0xa1 power_smc_hw_access.o
 .comment       0x000000a0       0xa1 s32k_clock_init.o
 .comment       0x000000a0       0xa1 startup.o
 .comment       0x000000a0       0xa1 system_S32K142.o
 .comment       0x000000a0       0xa1 c:/users/termi/appdata/roaming/mathworks/matlab add-ons/toolboxes/nxp_mbdtoolbox_s32k1xx/tools/gcc-6.3-arm32-eabi/bin/../lib/gcc/arm-none-eabi/6.3.1/thumb/v7e-m/fpv4-sp/hard/crtend.o

.debug_line     0x00000000     0x310f
 .debug_line    0x00000000       0x6e startup_S32K142.o
 .debug_line    0x0000006e      0x26a Esercitazione0.o
 .debug_line    0x000002d8      0xede clock_S32K1xx.o
 .debug_line    0x000011b6      0x254 interrupt_manager.o
 .debug_line    0x0000140a      0x45b lpit_driver.o
 .debug_line    0x00001865      0x273 mbd_main.o
 .debug_line    0x00001ad8      0x32e pins_driver.o
 .debug_line    0x00001e06      0x27b pins_port_hw_access.o
 .debug_line    0x00002081      0x279 power_manager.o
 .debug_line    0x000022fa      0x51b power_manager_S32K1xx.o
 .debug_line    0x00002815      0x2cf power_smc_hw_access.o
 .debug_line    0x00002ae4      0x29a s32k_clock_init.o
 .debug_line    0x00002d7e      0x1bb startup.o
 .debug_line    0x00002f39      0x1d6 system_S32K142.o

.debug_info     0x00000000     0xee02
 .debug_info    0x00000000       0x26 startup_S32K142.o
 .debug_info    0x00000026      0x8a3 Esercitazione0.o
 .debug_info    0x000008c9     0x52f8 clock_S32K1xx.o
 .debug_info    0x00005bc1      0x978 interrupt_manager.o
 .debug_info    0x00006539     0x1afc lpit_driver.o
 .debug_info    0x00008035      0x8c3 mbd_main.o
 .debug_info    0x000088f8     0x1360 pins_driver.o
 .debug_info    0x00009c58      0x89d pins_port_hw_access.o
 .debug_info    0x0000a4f5      0x7dc power_manager.o
 .debug_info    0x0000acd1     0x1706 power_manager_S32K1xx.o
 .debug_info    0x0000c3d7      0xc0c power_smc_hw_access.o
 .debug_info    0x0000cfe3     0x1651 s32k_clock_init.o
 .debug_info    0x0000e634      0x2ad startup.o
 .debug_info    0x0000e8e1      0x521 system_S32K142.o

.debug_abbrev   0x00000000     0x1c01
 .debug_abbrev  0x00000000       0x14 startup_S32K142.o
 .debug_abbrev  0x00000014      0x1a9 Esercitazione0.o
 .debug_abbrev  0x000001bd      0x37b clock_S32K1xx.o
 .debug_abbrev  0x00000538      0x1e5 interrupt_manager.o
 .debug_abbrev  0x0000071d      0x360 lpit_driver.o
 .debug_abbrev  0x00000a7d      0x198 mbd_main.o
 .debug_abbrev  0x00000c15      0x2a7 pins_driver.o
 .debug_abbrev  0x00000ebc      0x1e1 pins_port_hw_access.o
 .debug_abbrev  0x0000109d      0x1e6 power_manager.o
 .debug_abbrev  0x00001283      0x363 power_manager_S32K1xx.o
 .debug_abbrev  0x000015e6      0x240 power_smc_hw_access.o
 .debug_abbrev  0x00001826      0x1c4 s32k_clock_init.o
 .debug_abbrev  0x000019ea       0xdd startup.o
 .debug_abbrev  0x00001ac7      0x13a system_S32K142.o

.debug_aranges  0x00000000      0x1c0
 .debug_aranges
                0x00000000       0x20 startup_S32K142.o
 .debug_aranges
                0x00000020       0x20 Esercitazione0.o
 .debug_aranges
                0x00000040       0x20 clock_S32K1xx.o
 .debug_aranges
                0x00000060       0x20 interrupt_manager.o
 .debug_aranges
                0x00000080       0x20 lpit_driver.o
 .debug_aranges
                0x000000a0       0x20 mbd_main.o
 .debug_aranges
                0x000000c0       0x20 pins_driver.o
 .debug_aranges
                0x000000e0       0x20 pins_port_hw_access.o
 .debug_aranges
                0x00000100       0x20 power_manager.o
 .debug_aranges
                0x00000120       0x20 power_manager_S32K1xx.o
 .debug_aranges
                0x00000140       0x20 power_smc_hw_access.o
 .debug_aranges
                0x00000160       0x20 s32k_clock_init.o
 .debug_aranges
                0x00000180       0x20 startup.o
 .debug_aranges
                0x000001a0       0x20 system_S32K142.o

.debug_str      0x00000000     0x6392
 .debug_str     0x00000000       0x5f startup_S32K142.o
 .debug_str     0x0000005f      0xa79 Esercitazione0.o
                                0xb4a (size before relaxing)
 .debug_str     0x00000ad8     0x328d clock_S32K1xx.o
                               0x38ea (size before relaxing)
 .debug_str     0x00003d65      0x895 interrupt_manager.o
                                0xad6 (size before relaxing)
 .debug_str     0x000045fa      0x835 lpit_driver.o
                               0x1c58 (size before relaxing)
 .debug_str     0x00004e2f       0x68 mbd_main.o
                                0xbd6 (size before relaxing)
 .debug_str     0x00004e97      0x576 pins_driver.o
                               0x13b2 (size before relaxing)
 .debug_str     0x0000540d      0x1cb pins_port_hw_access.o
                                0x8e9 (size before relaxing)
 .debug_str     0x000055d8      0x4dd power_manager.o
                                0xfd1 (size before relaxing)
 .debug_str     0x00005ab5      0x508 power_manager_S32K1xx.o
                               0x18e5 (size before relaxing)
 .debug_str     0x00005fbd      0x141 power_smc_hw_access.o
                                0xea9 (size before relaxing)
 .debug_str     0x000060fe       0xf3 s32k_clock_init.o
                               0x23ba (size before relaxing)
 .debug_str     0x000061f1      0x112 startup.o
                                0x3e2 (size before relaxing)
 .debug_str     0x00006303       0x8f system_S32K142.o
                                0x3e3 (size before relaxing)

.debug_loc      0x00000000     0x6d7c
 .debug_loc     0x00000000       0xe1 Esercitazione0.o
 .debug_loc     0x000000e1     0x4418 clock_S32K1xx.o
 .debug_loc     0x000044f9      0x1aa interrupt_manager.o
 .debug_loc     0x000046a3      0xbe4 lpit_driver.o
 .debug_loc     0x00005287      0x53e pins_driver.o
 .debug_loc     0x000057c5      0x48a pins_port_hw_access.o
 .debug_loc     0x00005c4f      0x316 power_manager.o
 .debug_loc     0x00005f65      0x701 power_manager_S32K1xx.o
 .debug_loc     0x00006666      0x49f power_smc_hw_access.o
 .debug_loc     0x00006b05       0xa0 s32k_clock_init.o
 .debug_loc     0x00006ba5       0xec startup.o
 .debug_loc     0x00006c91       0xeb system_S32K142.o

.debug_frame    0x00000000      0xd9c
 .debug_frame   0x00000000       0x60 Esercitazione0.o
 .debug_frame   0x00000060      0x39c clock_S32K1xx.o
 .debug_frame   0x000003fc       0xd8 interrupt_manager.o
 .debug_frame   0x000004d4      0x1ac lpit_driver.o
 .debug_frame   0x00000680       0x88 mbd_main.o
 .debug_frame   0x00000708      0x1e4 pins_driver.o
 .debug_frame   0x000008ec       0x98 pins_port_hw_access.o
 .debug_frame   0x00000984       0xe0 power_manager.o
 .debug_frame   0x00000a64       0xc4 power_manager_S32K1xx.o
 .debug_frame   0x00000b28       0x58 power_smc_hw_access.o
 .debug_frame   0x00000b80       0x5c s32k_clock_init.o
 .debug_frame   0x00000bdc       0x2c startup.o
 .debug_frame   0x00000c08       0x40 system_S32K142.o
 .debug_frame   0x00000c48       0x2c c:/users/termi/appdata/roaming/mathworks/matlab add-ons/toolboxes/nxp_mbdtoolbox_s32k1xx/tools/gcc-6.3-arm32-eabi/bin/../lib/gcc/arm-none-eabi/6.3.1/thumb/v7e-m/fpv4-sp/hard\libgcc.a(_aeabi_uldivmod.o)
 .debug_frame   0x00000c74       0x34 c:/users/termi/appdata/roaming/mathworks/matlab add-ons/toolboxes/nxp_mbdtoolbox_s32k1xx/tools/gcc-6.3-arm32-eabi/bin/../lib/gcc/arm-none-eabi/6.3.1/thumb/v7e-m/fpv4-sp/hard\libgcc.a(_udivmoddi4.o)
 .debug_frame   0x00000ca8       0x20 C:/Users/termi/AppData/Roaming/MathWorks/MATLAB Add-Ons/Toolboxes/NXP_MBDToolbox_S32K1xx/tools/gcc-6.3-arm32-eabi/arm-none-eabi/newlib/lib/thumb/v7e-m/fpv4-sp/hard\libc.a(lib_a-memset.o)
 .debug_frame   0x00000cc8       0x4c C:/Users/termi/AppData/Roaming/MathWorks/MATLAB Add-Ons/Toolboxes/NXP_MBDToolbox_S32K1xx/tools/gcc-6.3-arm32-eabi/arm-none-eabi/newlib/lib/thumb/v7e-m/fpv4-sp/hard\libc.a(lib_a-__call_atexit.o)
 .debug_frame   0x00000d14       0x38 C:/Users/termi/AppData/Roaming/MathWorks/MATLAB Add-Ons/Toolboxes/NXP_MBDToolbox_S32K1xx/tools/gcc-6.3-arm32-eabi/arm-none-eabi/newlib/lib/thumb/v7e-m/fpv4-sp/hard\libc.a(lib_a-fini.o)
 .debug_frame   0x00000d4c       0x20 C:/Users/termi/AppData/Roaming/MathWorks/MATLAB Add-Ons/Toolboxes/NXP_MBDToolbox_S32K1xx/tools/gcc-6.3-arm32-eabi/arm-none-eabi/newlib/lib/thumb/v7e-m/fpv4-sp/hard\libc.a(lib_a-atexit.o)
 .debug_frame   0x00000d6c       0x30 C:/Users/termi/AppData/Roaming/MathWorks/MATLAB Add-Ons/Toolboxes/NXP_MBDToolbox_S32K1xx/tools/gcc-6.3-arm32-eabi/arm-none-eabi/newlib/lib/thumb/v7e-m/fpv4-sp/hard\libc.a(lib_a-__atexit.o)

.debug_ranges   0x00000000      0x4f0
 .debug_ranges  0x00000000      0x2e8 clock_S32K1xx.o
 .debug_ranges  0x000002e8       0x38 interrupt_manager.o
 .debug_ranges  0x00000320       0x48 lpit_driver.o
 .debug_ranges  0x00000368       0x20 power_manager.o
 .debug_ranges  0x00000388      0x148 power_manager_S32K1xx.o
 .debug_ranges  0x000004d0       0x20 power_smc_hw_access.o
