Archive member included to satisfy reference by file (symbol)

c:/users/termi/appdata/roaming/mathworks/matlab add-ons/toolboxes/nxp_mbdtoolbox_s32k1xx/tools/gcc-6.3-arm32-eabi/bin/../lib/gcc/arm-none-eabi/6.3.1/thumb/v7e-m/fpv4-sp/hard\libgcc.a(_arm_addsubdf3.o)
                              Esercitazione3.o (__aeabi_ui2d)
c:/users/termi/appdata/roaming/mathworks/matlab add-ons/toolboxes/nxp_mbdtoolbox_s32k1xx/tools/gcc-6.3-arm32-eabi/bin/../lib/gcc/arm-none-eabi/6.3.1/thumb/v7e-m/fpv4-sp/hard\libgcc.a(_arm_cmpdf2.o)
                              Esercitazione3.o (__aeabi_dcmpeq)
c:/users/termi/appdata/roaming/mathworks/matlab add-ons/toolboxes/nxp_mbdtoolbox_s32k1xx/tools/gcc-6.3-arm32-eabi/bin/../lib/gcc/arm-none-eabi/6.3.1/thumb/v7e-m/fpv4-sp/hard\libgcc.a(_aeabi_uldivmod.o)
                              lpit_driver.o (__aeabi_uldivmod)
c:/users/termi/appdata/roaming/mathworks/matlab add-ons/toolboxes/nxp_mbdtoolbox_s32k1xx/tools/gcc-6.3-arm32-eabi/bin/../lib/gcc/arm-none-eabi/6.3.1/thumb/v7e-m/fpv4-sp/hard\libgcc.a(_udivmoddi4.o)
                              c:/users/termi/appdata/roaming/mathworks/matlab add-ons/toolboxes/nxp_mbdtoolbox_s32k1xx/tools/gcc-6.3-arm32-eabi/bin/../lib/gcc/arm-none-eabi/6.3.1/thumb/v7e-m/fpv4-sp/hard\libgcc.a(_aeabi_uldivmod.o) (__udivmoddi4)
c:/users/termi/appdata/roaming/mathworks/matlab add-ons/toolboxes/nxp_mbdtoolbox_s32k1xx/tools/gcc-6.3-arm32-eabi/bin/../lib/gcc/arm-none-eabi/6.3.1/thumb/v7e-m/fpv4-sp/hard\libgcc.a(_dvmd_tls.o)
                              c:/users/termi/appdata/roaming/mathworks/matlab add-ons/toolboxes/nxp_mbdtoolbox_s32k1xx/tools/gcc-6.3-arm32-eabi/bin/../lib/gcc/arm-none-eabi/6.3.1/thumb/v7e-m/fpv4-sp/hard\libgcc.a(_aeabi_uldivmod.o) (__aeabi_ldiv0)
C:/Users/termi/AppData/Roaming/MathWorks/MATLAB Add-Ons/Toolboxes/NXP_MBDToolbox_S32K1xx/tools/gcc-6.3-arm32-eabi/arm-none-eabi/newlib/lib/thumb/v7e-m/fpv4-sp/hard\libc.a(lib_a-exit.o)
                              C:/Users/termi/AppData/Roaming/MathWorks/MATLAB Add-Ons/Toolboxes/NXP_MBDToolbox_S32K1xx/tools/gcc-6.3-arm32-eabi/arm-none-eabi/newlib/lib/thumb/v7e-m/fpv4-sp/hard/crt0.o (exit)
C:/Users/termi/AppData/Roaming/MathWorks/MATLAB Add-Ons/Toolboxes/NXP_MBDToolbox_S32K1xx/tools/gcc-6.3-arm32-eabi/arm-none-eabi/newlib/lib/thumb/v7e-m/fpv4-sp/hard\libc.a(lib_a-impure.o)
                              C:/Users/termi/AppData/Roaming/MathWorks/MATLAB Add-Ons/Toolboxes/NXP_MBDToolbox_S32K1xx/tools/gcc-6.3-arm32-eabi/arm-none-eabi/newlib/lib/thumb/v7e-m/fpv4-sp/hard\libc.a(lib_a-exit.o) (_global_impure_ptr)
C:/Users/termi/AppData/Roaming/MathWorks/MATLAB Add-Ons/Toolboxes/NXP_MBDToolbox_S32K1xx/tools/gcc-6.3-arm32-eabi/arm-none-eabi/newlib/lib/thumb/v7e-m/fpv4-sp/hard\libc.a(lib_a-init.o)
                              C:/Users/termi/AppData/Roaming/MathWorks/MATLAB Add-Ons/Toolboxes/NXP_MBDToolbox_S32K1xx/tools/gcc-6.3-arm32-eabi/arm-none-eabi/newlib/lib/thumb/v7e-m/fpv4-sp/hard/crt0.o (__libc_init_array)
C:/Users/termi/AppData/Roaming/MathWorks/MATLAB Add-Ons/Toolboxes/NXP_MBDToolbox_S32K1xx/tools/gcc-6.3-arm32-eabi/arm-none-eabi/newlib/lib/thumb/v7e-m/fpv4-sp/hard\libc.a(lib_a-memset.o)
                              C:/Users/termi/AppData/Roaming/MathWorks/MATLAB Add-Ons/Toolboxes/NXP_MBDToolbox_S32K1xx/tools/gcc-6.3-arm32-eabi/arm-none-eabi/newlib/lib/thumb/v7e-m/fpv4-sp/hard/crt0.o (memset)
C:/Users/termi/AppData/Roaming/MathWorks/MATLAB Add-Ons/Toolboxes/NXP_MBDToolbox_S32K1xx/tools/gcc-6.3-arm32-eabi/arm-none-eabi/newlib/lib/thumb/v7e-m/fpv4-sp/hard\libc.a(lib_a-__call_atexit.o)
                              C:/Users/termi/AppData/Roaming/MathWorks/MATLAB Add-Ons/Toolboxes/NXP_MBDToolbox_S32K1xx/tools/gcc-6.3-arm32-eabi/arm-none-eabi/newlib/lib/thumb/v7e-m/fpv4-sp/hard\libc.a(lib_a-exit.o) (__call_exitprocs)
C:/Users/termi/AppData/Roaming/MathWorks/MATLAB Add-Ons/Toolboxes/NXP_MBDToolbox_S32K1xx/tools/gcc-6.3-arm32-eabi/arm-none-eabi/newlib/lib/thumb/v7e-m/fpv4-sp/hard\libc.a(lib_a-fini.o)
                              C:/Users/termi/AppData/Roaming/MathWorks/MATLAB Add-Ons/Toolboxes/NXP_MBDToolbox_S32K1xx/tools/gcc-6.3-arm32-eabi/arm-none-eabi/newlib/lib/thumb/v7e-m/fpv4-sp/hard\libc.a(lib_a-__call_atexit.o) (__libc_fini_array)
C:/Users/termi/AppData/Roaming/MathWorks/MATLAB Add-Ons/Toolboxes/NXP_MBDToolbox_S32K1xx/tools/gcc-6.3-arm32-eabi/arm-none-eabi/newlib/lib/thumb/v7e-m/fpv4-sp/hard\libc.a(lib_a-atexit.o)
                              C:/Users/termi/AppData/Roaming/MathWorks/MATLAB Add-Ons/Toolboxes/NXP_MBDToolbox_S32K1xx/tools/gcc-6.3-arm32-eabi/arm-none-eabi/newlib/lib/thumb/v7e-m/fpv4-sp/hard\libc.a(lib_a-__call_atexit.o) (atexit)
C:/Users/termi/AppData/Roaming/MathWorks/MATLAB Add-Ons/Toolboxes/NXP_MBDToolbox_S32K1xx/tools/gcc-6.3-arm32-eabi/arm-none-eabi/newlib/lib/thumb/v7e-m/fpv4-sp/hard\libc.a(lib_a-__atexit.o)
                              C:/Users/termi/AppData/Roaming/MathWorks/MATLAB Add-Ons/Toolboxes/NXP_MBDToolbox_S32K1xx/tools/gcc-6.3-arm32-eabi/arm-none-eabi/newlib/lib/thumb/v7e-m/fpv4-sp/hard\libc.a(lib_a-atexit.o) (__register_exitproc)
C:/Users/termi/AppData/Roaming/MathWorks/MATLAB Add-Ons/Toolboxes/NXP_MBDToolbox_S32K1xx/tools/gcc-6.3-arm32-eabi/arm-none-eabi/newlib/lib/thumb/v7e-m/fpv4-sp/hard\libnosys.a(_exit.o)
                              C:/Users/termi/AppData/Roaming/MathWorks/MATLAB Add-Ons/Toolboxes/NXP_MBDToolbox_S32K1xx/tools/gcc-6.3-arm32-eabi/arm-none-eabi/newlib/lib/thumb/v7e-m/fpv4-sp/hard\libc.a(lib_a-exit.o) (_exit)

Allocating common symbols
Common symbol       size              file

g_xtal0ClkFreq      0x4               clock_S32K1xx.o
Esercitazione3_DW   0x10              Esercitazione3.o
Esercitazione3_B    0x4               Esercitazione3.o
g_RtcClkInFreq      0x4               clock_S32K1xx.o
gPowerManagerState  0x10              power_manager_S32K1xx.o
g_TClkFreq          0xc               clock_S32K1xx.o

Discarded input sections

 .text          0x00000000        0x0 c:/users/termi/appdata/roaming/mathworks/matlab add-ons/toolboxes/nxp_mbdtoolbox_s32k1xx/tools/gcc-6.3-arm32-eabi/bin/../lib/gcc/arm-none-eabi/6.3.1/thumb/v7e-m/fpv4-sp/hard/crti.o
 .data          0x00000000        0x0 c:/users/termi/appdata/roaming/mathworks/matlab add-ons/toolboxes/nxp_mbdtoolbox_s32k1xx/tools/gcc-6.3-arm32-eabi/bin/../lib/gcc/arm-none-eabi/6.3.1/thumb/v7e-m/fpv4-sp/hard/crti.o
 .bss           0x00000000        0x0 c:/users/termi/appdata/roaming/mathworks/matlab add-ons/toolboxes/nxp_mbdtoolbox_s32k1xx/tools/gcc-6.3-arm32-eabi/bin/../lib/gcc/arm-none-eabi/6.3.1/thumb/v7e-m/fpv4-sp/hard/crti.o
 .data          0x00000000        0x4 c:/users/termi/appdata/roaming/mathworks/matlab add-ons/toolboxes/nxp_mbdtoolbox_s32k1xx/tools/gcc-6.3-arm32-eabi/bin/../lib/gcc/arm-none-eabi/6.3.1/thumb/v7e-m/fpv4-sp/hard/crtbegin.o
 .text          0x00000000       0x74 C:/Users/termi/AppData/Roaming/MathWorks/MATLAB Add-Ons/Toolboxes/NXP_MBDToolbox_S32K1xx/tools/gcc-6.3-arm32-eabi/arm-none-eabi/newlib/lib/thumb/v7e-m/fpv4-sp/hard/crt0.o
 .data          0x00000000        0x0 C:/Users/termi/AppData/Roaming/MathWorks/MATLAB Add-Ons/Toolboxes/NXP_MBDToolbox_S32K1xx/tools/gcc-6.3-arm32-eabi/arm-none-eabi/newlib/lib/thumb/v7e-m/fpv4-sp/hard/crt0.o
 .bss           0x00000000        0x0 C:/Users/termi/AppData/Roaming/MathWorks/MATLAB Add-Ons/Toolboxes/NXP_MBDToolbox_S32K1xx/tools/gcc-6.3-arm32-eabi/arm-none-eabi/newlib/lib/thumb/v7e-m/fpv4-sp/hard/crt0.o
 .ARM.extab     0x00000000        0x0 C:/Users/termi/AppData/Roaming/MathWorks/MATLAB Add-Ons/Toolboxes/NXP_MBDToolbox_S32K1xx/tools/gcc-6.3-arm32-eabi/arm-none-eabi/newlib/lib/thumb/v7e-m/fpv4-sp/hard/crt0.o
 .ARM.exidx     0x00000000        0x8 C:/Users/termi/AppData/Roaming/MathWorks/MATLAB Add-Ons/Toolboxes/NXP_MBDToolbox_S32K1xx/tools/gcc-6.3-arm32-eabi/arm-none-eabi/newlib/lib/thumb/v7e-m/fpv4-sp/hard/crt0.o
 .ARM.attributes
                0x00000000       0x20 C:/Users/termi/AppData/Roaming/MathWorks/MATLAB Add-Ons/Toolboxes/NXP_MBDToolbox_S32K1xx/tools/gcc-6.3-arm32-eabi/arm-none-eabi/newlib/lib/thumb/v7e-m/fpv4-sp/hard/crt0.o
 .data          0x00000000        0x0 startup_S32K142.o
 .bss           0x00000000        0x0 startup_S32K142.o
 .data          0x00000000        0x0 Esercitazione3.o
 .bss           0x00000000        0x4 Esercitazione3.o
 .rodata        0x00000000        0x4 Esercitazione3.o
 .data          0x00000000        0x0 interrupt_manager.o
 .data          0x00000000        0x0 lpit_driver.o
 .data          0x00000000        0x0 mbd_main.o
 .bss           0x00000000        0x0 mbd_main.o
 .data          0x00000000        0x0 pins_driver.o
 .bss           0x00000000        0x0 pins_driver.o
 .data          0x00000000        0x0 pins_port_hw_access.o
 .bss           0x00000000        0x0 pins_port_hw_access.o
 .data          0x00000000        0x0 power_manager.o
 .bss           0x00000000        0x0 power_manager.o
 .data          0x00000000        0x0 power_manager_S32K1xx.o
 .data          0x00000000        0x0 power_smc_hw_access.o
 .bss           0x00000000        0x0 power_smc_hw_access.o
 .bss           0x00000000        0x0 s32k_clock_init.o
 .data          0x00000000        0x0 startup.o
 .bss           0x00000000        0x0 startup.o
 .bss           0x00000000        0x0 system_S32K142.o
 .data          0x00000000        0x0 c:/users/termi/appdata/roaming/mathworks/matlab add-ons/toolboxes/nxp_mbdtoolbox_s32k1xx/tools/gcc-6.3-arm32-eabi/bin/../lib/gcc/arm-none-eabi/6.3.1/thumb/v7e-m/fpv4-sp/hard\libgcc.a(_arm_addsubdf3.o)
 .bss           0x00000000        0x0 c:/users/termi/appdata/roaming/mathworks/matlab add-ons/toolboxes/nxp_mbdtoolbox_s32k1xx/tools/gcc-6.3-arm32-eabi/bin/../lib/gcc/arm-none-eabi/6.3.1/thumb/v7e-m/fpv4-sp/hard\libgcc.a(_arm_addsubdf3.o)
 .data          0x00000000        0x0 c:/users/termi/appdata/roaming/mathworks/matlab add-ons/toolboxes/nxp_mbdtoolbox_s32k1xx/tools/gcc-6.3-arm32-eabi/bin/../lib/gcc/arm-none-eabi/6.3.1/thumb/v7e-m/fpv4-sp/hard\libgcc.a(_arm_cmpdf2.o)
 .bss           0x00000000        0x0 c:/users/termi/appdata/roaming/mathworks/matlab add-ons/toolboxes/nxp_mbdtoolbox_s32k1xx/tools/gcc-6.3-arm32-eabi/bin/../lib/gcc/arm-none-eabi/6.3.1/thumb/v7e-m/fpv4-sp/hard\libgcc.a(_arm_cmpdf2.o)
 .data          0x00000000        0x0 c:/users/termi/appdata/roaming/mathworks/matlab add-ons/toolboxes/nxp_mbdtoolbox_s32k1xx/tools/gcc-6.3-arm32-eabi/bin/../lib/gcc/arm-none-eabi/6.3.1/thumb/v7e-m/fpv4-sp/hard\libgcc.a(_aeabi_uldivmod.o)
 .bss           0x00000000        0x0 c:/users/termi/appdata/roaming/mathworks/matlab add-ons/toolboxes/nxp_mbdtoolbox_s32k1xx/tools/gcc-6.3-arm32-eabi/bin/../lib/gcc/arm-none-eabi/6.3.1/thumb/v7e-m/fpv4-sp/hard\libgcc.a(_aeabi_uldivmod.o)
 .data          0x00000000        0x0 c:/users/termi/appdata/roaming/mathworks/matlab add-ons/toolboxes/nxp_mbdtoolbox_s32k1xx/tools/gcc-6.3-arm32-eabi/bin/../lib/gcc/arm-none-eabi/6.3.1/thumb/v7e-m/fpv4-sp/hard\libgcc.a(_udivmoddi4.o)
 .bss           0x00000000        0x0 c:/users/termi/appdata/roaming/mathworks/matlab add-ons/toolboxes/nxp_mbdtoolbox_s32k1xx/tools/gcc-6.3-arm32-eabi/bin/../lib/gcc/arm-none-eabi/6.3.1/thumb/v7e-m/fpv4-sp/hard\libgcc.a(_udivmoddi4.o)
 .ARM.extab     0x00000000        0x0 c:/users/termi/appdata/roaming/mathworks/matlab add-ons/toolboxes/nxp_mbdtoolbox_s32k1xx/tools/gcc-6.3-arm32-eabi/bin/../lib/gcc/arm-none-eabi/6.3.1/thumb/v7e-m/fpv4-sp/hard\libgcc.a(_udivmoddi4.o)
 .data          0x00000000        0x0 c:/users/termi/appdata/roaming/mathworks/matlab add-ons/toolboxes/nxp_mbdtoolbox_s32k1xx/tools/gcc-6.3-arm32-eabi/bin/../lib/gcc/arm-none-eabi/6.3.1/thumb/v7e-m/fpv4-sp/hard\libgcc.a(_dvmd_tls.o)
 .bss           0x00000000        0x0 c:/users/termi/appdata/roaming/mathworks/matlab add-ons/toolboxes/nxp_mbdtoolbox_s32k1xx/tools/gcc-6.3-arm32-eabi/bin/../lib/gcc/arm-none-eabi/6.3.1/thumb/v7e-m/fpv4-sp/hard\libgcc.a(_dvmd_tls.o)
 .text          0x00000000        0x0 C:/Users/termi/AppData/Roaming/MathWorks/MATLAB Add-Ons/Toolboxes/NXP_MBDToolbox_S32K1xx/tools/gcc-6.3-arm32-eabi/arm-none-eabi/newlib/lib/thumb/v7e-m/fpv4-sp/hard\libc.a(lib_a-exit.o)
 .data          0x00000000        0x0 C:/Users/termi/AppData/Roaming/MathWorks/MATLAB Add-Ons/Toolboxes/NXP_MBDToolbox_S32K1xx/tools/gcc-6.3-arm32-eabi/arm-none-eabi/newlib/lib/thumb/v7e-m/fpv4-sp/hard\libc.a(lib_a-exit.o)
 .bss           0x00000000        0x0 C:/Users/termi/AppData/Roaming/MathWorks/MATLAB Add-Ons/Toolboxes/NXP_MBDToolbox_S32K1xx/tools/gcc-6.3-arm32-eabi/arm-none-eabi/newlib/lib/thumb/v7e-m/fpv4-sp/hard\libc.a(lib_a-exit.o)
 .text.exit     0x00000000       0x20 C:/Users/termi/AppData/Roaming/MathWorks/MATLAB Add-Ons/Toolboxes/NXP_MBDToolbox_S32K1xx/tools/gcc-6.3-arm32-eabi/arm-none-eabi/newlib/lib/thumb/v7e-m/fpv4-sp/hard\libc.a(lib_a-exit.o)
 .debug_frame   0x00000000       0x28 C:/Users/termi/AppData/Roaming/MathWorks/MATLAB Add-Ons/Toolboxes/NXP_MBDToolbox_S32K1xx/tools/gcc-6.3-arm32-eabi/arm-none-eabi/newlib/lib/thumb/v7e-m/fpv4-sp/hard\libc.a(lib_a-exit.o)
 .ARM.attributes
                0x00000000       0x34 C:/Users/termi/AppData/Roaming/MathWorks/MATLAB Add-Ons/Toolboxes/NXP_MBDToolbox_S32K1xx/tools/gcc-6.3-arm32-eabi/arm-none-eabi/newlib/lib/thumb/v7e-m/fpv4-sp/hard\libc.a(lib_a-exit.o)
 .text          0x00000000        0x0 C:/Users/termi/AppData/Roaming/MathWorks/MATLAB Add-Ons/Toolboxes/NXP_MBDToolbox_S32K1xx/tools/gcc-6.3-arm32-eabi/arm-none-eabi/newlib/lib/thumb/v7e-m/fpv4-sp/hard\libc.a(lib_a-impure.o)
 .data          0x00000000        0x0 C:/Users/termi/AppData/Roaming/MathWorks/MATLAB Add-Ons/Toolboxes/NXP_MBDToolbox_S32K1xx/tools/gcc-6.3-arm32-eabi/arm-none-eabi/newlib/lib/thumb/v7e-m/fpv4-sp/hard\libc.a(lib_a-impure.o)
 .bss           0x00000000        0x0 C:/Users/termi/AppData/Roaming/MathWorks/MATLAB Add-Ons/Toolboxes/NXP_MBDToolbox_S32K1xx/tools/gcc-6.3-arm32-eabi/arm-none-eabi/newlib/lib/thumb/v7e-m/fpv4-sp/hard\libc.a(lib_a-impure.o)
 .data._impure_ptr
                0x00000000        0x4 C:/Users/termi/AppData/Roaming/MathWorks/MATLAB Add-Ons/Toolboxes/NXP_MBDToolbox_S32K1xx/tools/gcc-6.3-arm32-eabi/arm-none-eabi/newlib/lib/thumb/v7e-m/fpv4-sp/hard\libc.a(lib_a-impure.o)
 .text          0x00000000        0x0 C:/Users/termi/AppData/Roaming/MathWorks/MATLAB Add-Ons/Toolboxes/NXP_MBDToolbox_S32K1xx/tools/gcc-6.3-arm32-eabi/arm-none-eabi/newlib/lib/thumb/v7e-m/fpv4-sp/hard\libc.a(lib_a-init.o)
 .data          0x00000000        0x0 C:/Users/termi/AppData/Roaming/MathWorks/MATLAB Add-Ons/Toolboxes/NXP_MBDToolbox_S32K1xx/tools/gcc-6.3-arm32-eabi/arm-none-eabi/newlib/lib/thumb/v7e-m/fpv4-sp/hard\libc.a(lib_a-init.o)
 .bss           0x00000000        0x0 C:/Users/termi/AppData/Roaming/MathWorks/MATLAB Add-Ons/Toolboxes/NXP_MBDToolbox_S32K1xx/tools/gcc-6.3-arm32-eabi/arm-none-eabi/newlib/lib/thumb/v7e-m/fpv4-sp/hard\libc.a(lib_a-init.o)
 .text.__libc_init_array
                0x00000000       0x48 C:/Users/termi/AppData/Roaming/MathWorks/MATLAB Add-Ons/Toolboxes/NXP_MBDToolbox_S32K1xx/tools/gcc-6.3-arm32-eabi/arm-none-eabi/newlib/lib/thumb/v7e-m/fpv4-sp/hard\libc.a(lib_a-init.o)
 .debug_frame   0x00000000       0x2c C:/Users/termi/AppData/Roaming/MathWorks/MATLAB Add-Ons/Toolboxes/NXP_MBDToolbox_S32K1xx/tools/gcc-6.3-arm32-eabi/arm-none-eabi/newlib/lib/thumb/v7e-m/fpv4-sp/hard\libc.a(lib_a-init.o)
 .ARM.attributes
                0x00000000       0x34 C:/Users/termi/AppData/Roaming/MathWorks/MATLAB Add-Ons/Toolboxes/NXP_MBDToolbox_S32K1xx/tools/gcc-6.3-arm32-eabi/arm-none-eabi/newlib/lib/thumb/v7e-m/fpv4-sp/hard\libc.a(lib_a-init.o)
 .text          0x00000000        0x0 C:/Users/termi/AppData/Roaming/MathWorks/MATLAB Add-Ons/Toolboxes/NXP_MBDToolbox_S32K1xx/tools/gcc-6.3-arm32-eabi/arm-none-eabi/newlib/lib/thumb/v7e-m/fpv4-sp/hard\libc.a(lib_a-memset.o)
 .data          0x00000000        0x0 C:/Users/termi/AppData/Roaming/MathWorks/MATLAB Add-Ons/Toolboxes/NXP_MBDToolbox_S32K1xx/tools/gcc-6.3-arm32-eabi/arm-none-eabi/newlib/lib/thumb/v7e-m/fpv4-sp/hard\libc.a(lib_a-memset.o)
 .bss           0x00000000        0x0 C:/Users/termi/AppData/Roaming/MathWorks/MATLAB Add-Ons/Toolboxes/NXP_MBDToolbox_S32K1xx/tools/gcc-6.3-arm32-eabi/arm-none-eabi/newlib/lib/thumb/v7e-m/fpv4-sp/hard\libc.a(lib_a-memset.o)
 .text          0x00000000        0x0 C:/Users/termi/AppData/Roaming/MathWorks/MATLAB Add-Ons/Toolboxes/NXP_MBDToolbox_S32K1xx/tools/gcc-6.3-arm32-eabi/arm-none-eabi/newlib/lib/thumb/v7e-m/fpv4-sp/hard\libc.a(lib_a-__call_atexit.o)
 .data          0x00000000        0x0 C:/Users/termi/AppData/Roaming/MathWorks/MATLAB Add-Ons/Toolboxes/NXP_MBDToolbox_S32K1xx/tools/gcc-6.3-arm32-eabi/arm-none-eabi/newlib/lib/thumb/v7e-m/fpv4-sp/hard\libc.a(lib_a-__call_atexit.o)
 .bss           0x00000000        0x0 C:/Users/termi/AppData/Roaming/MathWorks/MATLAB Add-Ons/Toolboxes/NXP_MBDToolbox_S32K1xx/tools/gcc-6.3-arm32-eabi/arm-none-eabi/newlib/lib/thumb/v7e-m/fpv4-sp/hard\libc.a(lib_a-__call_atexit.o)
 .text.__call_exitprocs
                0x00000000       0xc8 C:/Users/termi/AppData/Roaming/MathWorks/MATLAB Add-Ons/Toolboxes/NXP_MBDToolbox_S32K1xx/tools/gcc-6.3-arm32-eabi/arm-none-eabi/newlib/lib/thumb/v7e-m/fpv4-sp/hard\libc.a(lib_a-__call_atexit.o)
 .text          0x00000000        0x0 C:/Users/termi/AppData/Roaming/MathWorks/MATLAB Add-Ons/Toolboxes/NXP_MBDToolbox_S32K1xx/tools/gcc-6.3-arm32-eabi/arm-none-eabi/newlib/lib/thumb/v7e-m/fpv4-sp/hard\libc.a(lib_a-fini.o)
 .data          0x00000000        0x0 C:/Users/termi/AppData/Roaming/MathWorks/MATLAB Add-Ons/Toolboxes/NXP_MBDToolbox_S32K1xx/tools/gcc-6.3-arm32-eabi/arm-none-eabi/newlib/lib/thumb/v7e-m/fpv4-sp/hard\libc.a(lib_a-fini.o)
 .bss           0x00000000        0x0 C:/Users/termi/AppData/Roaming/MathWorks/MATLAB Add-Ons/Toolboxes/NXP_MBDToolbox_S32K1xx/tools/gcc-6.3-arm32-eabi/arm-none-eabi/newlib/lib/thumb/v7e-m/fpv4-sp/hard\libc.a(lib_a-fini.o)
 .text          0x00000000        0x0 C:/Users/termi/AppData/Roaming/MathWorks/MATLAB Add-Ons/Toolboxes/NXP_MBDToolbox_S32K1xx/tools/gcc-6.3-arm32-eabi/arm-none-eabi/newlib/lib/thumb/v7e-m/fpv4-sp/hard\libc.a(lib_a-atexit.o)
 .data          0x00000000        0x0 C:/Users/termi/AppData/Roaming/MathWorks/MATLAB Add-Ons/Toolboxes/NXP_MBDToolbox_S32K1xx/tools/gcc-6.3-arm32-eabi/arm-none-eabi/newlib/lib/thumb/v7e-m/fpv4-sp/hard\libc.a(lib_a-atexit.o)
 .bss           0x00000000        0x0 C:/Users/termi/AppData/Roaming/MathWorks/MATLAB Add-Ons/Toolboxes/NXP_MBDToolbox_S32K1xx/tools/gcc-6.3-arm32-eabi/arm-none-eabi/newlib/lib/thumb/v7e-m/fpv4-sp/hard\libc.a(lib_a-atexit.o)
 .text          0x00000000        0x0 C:/Users/termi/AppData/Roaming/MathWorks/MATLAB Add-Ons/Toolboxes/NXP_MBDToolbox_S32K1xx/tools/gcc-6.3-arm32-eabi/arm-none-eabi/newlib/lib/thumb/v7e-m/fpv4-sp/hard\libc.a(lib_a-__atexit.o)
 .data          0x00000000        0x0 C:/Users/termi/AppData/Roaming/MathWorks/MATLAB Add-Ons/Toolboxes/NXP_MBDToolbox_S32K1xx/tools/gcc-6.3-arm32-eabi/arm-none-eabi/newlib/lib/thumb/v7e-m/fpv4-sp/hard\libc.a(lib_a-__atexit.o)
 .bss           0x00000000        0x0 C:/Users/termi/AppData/Roaming/MathWorks/MATLAB Add-Ons/Toolboxes/NXP_MBDToolbox_S32K1xx/tools/gcc-6.3-arm32-eabi/arm-none-eabi/newlib/lib/thumb/v7e-m/fpv4-sp/hard\libc.a(lib_a-__atexit.o)
 .text          0x00000000        0x0 C:/Users/termi/AppData/Roaming/MathWorks/MATLAB Add-Ons/Toolboxes/NXP_MBDToolbox_S32K1xx/tools/gcc-6.3-arm32-eabi/arm-none-eabi/newlib/lib/thumb/v7e-m/fpv4-sp/hard\libnosys.a(_exit.o)
 .data          0x00000000        0x0 C:/Users/termi/AppData/Roaming/MathWorks/MATLAB Add-Ons/Toolboxes/NXP_MBDToolbox_S32K1xx/tools/gcc-6.3-arm32-eabi/arm-none-eabi/newlib/lib/thumb/v7e-m/fpv4-sp/hard\libnosys.a(_exit.o)
 .bss           0x00000000        0x0 C:/Users/termi/AppData/Roaming/MathWorks/MATLAB Add-Ons/Toolboxes/NXP_MBDToolbox_S32K1xx/tools/gcc-6.3-arm32-eabi/arm-none-eabi/newlib/lib/thumb/v7e-m/fpv4-sp/hard\libnosys.a(_exit.o)
 .text._exit    0x00000000        0x2 C:/Users/termi/AppData/Roaming/MathWorks/MATLAB Add-Ons/Toolboxes/NXP_MBDToolbox_S32K1xx/tools/gcc-6.3-arm32-eabi/arm-none-eabi/newlib/lib/thumb/v7e-m/fpv4-sp/hard\libnosys.a(_exit.o)
 .debug_frame   0x00000000       0x20 C:/Users/termi/AppData/Roaming/MathWorks/MATLAB Add-Ons/Toolboxes/NXP_MBDToolbox_S32K1xx/tools/gcc-6.3-arm32-eabi/arm-none-eabi/newlib/lib/thumb/v7e-m/fpv4-sp/hard\libnosys.a(_exit.o)
 .ARM.attributes
                0x00000000       0x34 C:/Users/termi/AppData/Roaming/MathWorks/MATLAB Add-Ons/Toolboxes/NXP_MBDToolbox_S32K1xx/tools/gcc-6.3-arm32-eabi/arm-none-eabi/newlib/lib/thumb/v7e-m/fpv4-sp/hard\libnosys.a(_exit.o)
 .text          0x00000000        0x0 c:/users/termi/appdata/roaming/mathworks/matlab add-ons/toolboxes/nxp_mbdtoolbox_s32k1xx/tools/gcc-6.3-arm32-eabi/bin/../lib/gcc/arm-none-eabi/6.3.1/thumb/v7e-m/fpv4-sp/hard/crtend.o
 .data          0x00000000        0x0 c:/users/termi/appdata/roaming/mathworks/matlab add-ons/toolboxes/nxp_mbdtoolbox_s32k1xx/tools/gcc-6.3-arm32-eabi/bin/../lib/gcc/arm-none-eabi/6.3.1/thumb/v7e-m/fpv4-sp/hard/crtend.o
 .bss           0x00000000        0x0 c:/users/termi/appdata/roaming/mathworks/matlab add-ons/toolboxes/nxp_mbdtoolbox_s32k1xx/tools/gcc-6.3-arm32-eabi/bin/../lib/gcc/arm-none-eabi/6.3.1/thumb/v7e-m/fpv4-sp/hard/crtend.o
 .eh_frame      0x00000000        0x4 c:/users/termi/appdata/roaming/mathworks/matlab add-ons/toolboxes/nxp_mbdtoolbox_s32k1xx/tools/gcc-6.3-arm32-eabi/bin/../lib/gcc/arm-none-eabi/6.3.1/thumb/v7e-m/fpv4-sp/hard/crtend.o
 .text          0x00000000        0x0 c:/users/termi/appdata/roaming/mathworks/matlab add-ons/toolboxes/nxp_mbdtoolbox_s32k1xx/tools/gcc-6.3-arm32-eabi/bin/../lib/gcc/arm-none-eabi/6.3.1/thumb/v7e-m/fpv4-sp/hard/crtn.o
 .data          0x00000000        0x0 c:/users/termi/appdata/roaming/mathworks/matlab add-ons/toolboxes/nxp_mbdtoolbox_s32k1xx/tools/gcc-6.3-arm32-eabi/bin/../lib/gcc/arm-none-eabi/6.3.1/thumb/v7e-m/fpv4-sp/hard/crtn.o
 .bss           0x00000000        0x0 c:/users/termi/appdata/roaming/mathworks/matlab add-ons/toolboxes/nxp_mbdtoolbox_s32k1xx/tools/gcc-6.3-arm32-eabi/bin/../lib/gcc/arm-none-eabi/6.3.1/thumb/v7e-m/fpv4-sp/hard/crtn.o

Memory Configuration

Name             Origin             Length             Attributes
m_interrupts     0x00000000         0x00000400         xr
m_flash_config   0x00000400         0x00000010         xr
m_text           0x00000410         0x0003fbf0         xr
m_data           0x1fffe000         0x00002000         rw
m_data_2         0x20000000         0x00001000         rw
*default*        0x00000000         0xffffffff

Linker script and memory map

LOAD c:/users/termi/appdata/roaming/mathworks/matlab add-ons/toolboxes/nxp_mbdtoolbox_s32k1xx/tools/gcc-6.3-arm32-eabi/bin/../lib/gcc/arm-none-eabi/6.3.1/thumb/v7e-m/fpv4-sp/hard/crti.o
LOAD c:/users/termi/appdata/roaming/mathworks/matlab add-ons/toolboxes/nxp_mbdtoolbox_s32k1xx/tools/gcc-6.3-arm32-eabi/bin/../lib/gcc/arm-none-eabi/6.3.1/thumb/v7e-m/fpv4-sp/hard/crtbegin.o
LOAD C:/Users/termi/AppData/Roaming/MathWorks/MATLAB Add-Ons/Toolboxes/NXP_MBDToolbox_S32K1xx/tools/gcc-6.3-arm32-eabi/arm-none-eabi/newlib/lib/thumb/v7e-m/fpv4-sp/hard/crt0.o
                0x00000001                __ram_vector_table__ = 0x1
LOAD startup_S32K142.o
LOAD Esercitazione3.o
LOAD clock_S32K1xx.o
LOAD interrupt_manager.o
LOAD lpit_driver.o
LOAD mbd_main.o
LOAD pins_driver.o
LOAD pins_port_hw_access.o
LOAD power_manager.o
LOAD power_manager_S32K1xx.o
LOAD power_smc_hw_access.o
LOAD s32k_clock_init.o
LOAD startup.o
LOAD system_S32K142.o
LOAD C:/Users/termi/AppData/Roaming/MathWorks/MATLAB Add-Ons/Toolboxes/NXP_MBDToolbox_S32K1xx/tools/gcc-6.3-arm32-eabi/arm-none-eabi/newlib/lib/thumb/v7e-m/fpv4-sp/hard\libm.a
LOAD S32K14x_AMMCLIB.a
START GROUP
LOAD c:/users/termi/appdata/roaming/mathworks/matlab add-ons/toolboxes/nxp_mbdtoolbox_s32k1xx/tools/gcc-6.3-arm32-eabi/bin/../lib/gcc/arm-none-eabi/6.3.1/thumb/v7e-m/fpv4-sp/hard\libgcc.a
LOAD C:/Users/termi/AppData/Roaming/MathWorks/MATLAB Add-Ons/Toolboxes/NXP_MBDToolbox_S32K1xx/tools/gcc-6.3-arm32-eabi/arm-none-eabi/newlib/lib/thumb/v7e-m/fpv4-sp/hard\libc.a
END GROUP
START GROUP
LOAD c:/users/termi/appdata/roaming/mathworks/matlab add-ons/toolboxes/nxp_mbdtoolbox_s32k1xx/tools/gcc-6.3-arm32-eabi/bin/../lib/gcc/arm-none-eabi/6.3.1/thumb/v7e-m/fpv4-sp/hard\libgcc.a
LOAD C:/Users/termi/AppData/Roaming/MathWorks/MATLAB Add-Ons/Toolboxes/NXP_MBDToolbox_S32K1xx/tools/gcc-6.3-arm32-eabi/arm-none-eabi/newlib/lib/thumb/v7e-m/fpv4-sp/hard\libc.a
LOAD C:/Users/termi/AppData/Roaming/MathWorks/MATLAB Add-Ons/Toolboxes/NXP_MBDToolbox_S32K1xx/tools/gcc-6.3-arm32-eabi/arm-none-eabi/newlib/lib/thumb/v7e-m/fpv4-sp/hard\libnosys.a
END GROUP
LOAD c:/users/termi/appdata/roaming/mathworks/matlab add-ons/toolboxes/nxp_mbdtoolbox_s32k1xx/tools/gcc-6.3-arm32-eabi/bin/../lib/gcc/arm-none-eabi/6.3.1/thumb/v7e-m/fpv4-sp/hard/crtend.o
LOAD c:/users/termi/appdata/roaming/mathworks/matlab add-ons/toolboxes/nxp_mbdtoolbox_s32k1xx/tools/gcc-6.3-arm32-eabi/bin/../lib/gcc/arm-none-eabi/6.3.1/thumb/v7e-m/fpv4-sp/hard/crtn.o
                0x00000400                HEAP_SIZE = DEFINED (__heap_size__)?__heap_size__:0x400
                0x00000400                STACK_SIZE = DEFINED (__stack_size__)?__stack_size__:0x400
                0x00000400                M_VECTOR_RAM_SIZE = DEFINED (__flash_vector_table__)?0x0:0x400

.interrupts     0x00000000      0x400
                0x00000000                __VECTOR_TABLE = .
                0x00000000                __interrupts_start__ = .
                0x00000000                . = ALIGN (0x4)
 *(.isr_vector)
 .isr_vector    0x00000000      0x400 startup_S32K142.o
                0x00000000                __isr_vector
                0x00000400                __interrupts_end__ = .
                0x00000400                . = ALIGN (0x4)

.flash_config   0x00000400       0x10
                0x00000400                . = ALIGN (0x4)
 *(.FlashConfig)
 .FlashConfig   0x00000400       0x10 startup_S32K142.o
                0x00000410                . = ALIGN (0x4)

.text           0x00000410     0x4378
                0x00000410                . = ALIGN (0x4)
 *(.text)
 .text          0x00000410       0xa4 c:/users/termi/appdata/roaming/mathworks/matlab add-ons/toolboxes/nxp_mbdtoolbox_s32k1xx/tools/gcc-6.3-arm32-eabi/bin/../lib/gcc/arm-none-eabi/6.3.1/thumb/v7e-m/fpv4-sp/hard/crtbegin.o
 .text          0x000004b4       0x6c startup_S32K142.o
                0x000004b4                Reset_Handler
                0x0000051c                Reserved111_IRQHandler
                0x0000051c                DebugMon_Handler
                0x0000051c                Reserved88_IRQHandler
                0x0000051c                CAN0_ORed_IRQHandler
                0x0000051c                HardFault_Handler
                0x0000051c                Reserved86_IRQHandler
                0x0000051c                Reserved103_IRQHandler
                0x0000051c                SysTick_Handler
                0x0000051c                FTM2_Ovf_Reload_IRQHandler
                0x0000051c                Reserved50_IRQHandler
                0x0000051c                FTFC_Fault_IRQHandler
                0x0000051c                FTM0_Ch6_Ch7_IRQHandler
                0x0000051c                Reserved114_IRQHandler
                0x0000051c                PendSV_Handler
                0x0000051c                NMI_Handler
                0x0000051c                Reserved89_IRQHandler
                0x0000051c                ERM_double_fault_IRQHandler
                0x0000051c                DMA2_IRQHandler
                0x0000051c                Reserved59_IRQHandler
                0x0000051c                Reserved99_IRQHandler
                0x0000051c                FTM3_Ch6_Ch7_IRQHandler
                0x0000051c                LPIT0_Ch3_IRQHandler
                0x0000051c                Reserved92_IRQHandler
                0x0000051c                FTM0_Ch4_Ch5_IRQHandler
                0x0000051c                CAN1_Error_IRQHandler
                0x0000051c                FTM3_Ch0_Ch1_IRQHandler
                0x0000051c                SWI_IRQHandler
                0x0000051c                ADC0_IRQHandler
                0x0000051c                FTM2_Ch4_Ch5_IRQHandler
                0x0000051c                UsageFault_Handler
                0x0000051c                FTM0_Ovf_Reload_IRQHandler
                0x0000051c                DefaultISR
                0x0000051c                DMA9_IRQHandler
                0x0000051c                Reserved58_IRQHandler
                0x0000051c                CAN1_ORed_0_15_MB_IRQHandler
                0x0000051c                FTM1_Ch2_Ch3_IRQHandler
                0x0000051c                DMA14_IRQHandler
                0x0000051c                Reserved82_IRQHandler
                0x0000051c                CAN0_ORed_16_31_MB_IRQHandler
                0x0000051c                LPI2C0_Slave_IRQHandler
                0x0000051c                Reserved71_IRQHandler
                0x0000051c                PORTD_IRQHandler
                0x0000051c                Reserved69_IRQHandler
                0x0000051c                PORTB_IRQHandler
                0x0000051c                Reserved70_IRQHandler
                0x0000051c                ADC1_IRQHandler
                0x0000051c                FTM2_Ch2_Ch3_IRQHandler
                0x0000051c                Reserved53_IRQHandler
                0x0000051c                DMA5_IRQHandler
                0x0000051c                RTC_IRQHandler
                0x0000051c                PDB0_IRQHandler
                0x0000051c                Reserved54_IRQHandler
                0x0000051c                FTM2_Ch6_Ch7_IRQHandler
                0x0000051c                FTM3_Ch2_Ch3_IRQHandler
                0x0000051c                FTM2_Ch0_Ch1_IRQHandler
                0x0000051c                LPSPI1_IRQHandler
                0x0000051c                LPUART1_RxTx_IRQHandler
                0x0000051c                RTC_Seconds_IRQHandler
                0x0000051c                Reserved108_IRQHandler
                0x0000051c                Reserved72_IRQHandler
                0x0000051c                Reserved110_IRQHandler
                0x0000051c                DMA11_IRQHandler
                0x0000051c                Reserved107_IRQHandler
                0x0000051c                Read_Collision_IRQHandler
                0x0000051c                FTFC_IRQHandler
                0x0000051c                DMA7_IRQHandler
                0x0000051c                FTM1_Ch6_Ch7_IRQHandler
                0x0000051c                Reserved105_IRQHandler
                0x0000051c                LPIT0_Ch1_IRQHandler
                0x0000051c                FTM1_Ch4_Ch5_IRQHandler
                0x0000051c                FTM3_Ovf_Reload_IRQHandler
                0x0000051c                LPSPI0_IRQHandler
                0x0000051c                WDOG_EWM_IRQHandler
                0x0000051c                MemManage_Handler
                0x0000051c                Reserved90_IRQHandler
                0x0000051c                Reserved83_IRQHandler
                0x0000051c                FTM0_Fault_IRQHandler
                0x0000051c                Reserved48_IRQHandler
                0x0000051c                SVC_Handler
                0x0000051c                ERM_single_fault_IRQHandler
                0x0000051c                FTM2_Fault_IRQHandler
                0x0000051c                FTM0_Ch2_Ch3_IRQHandler
                0x0000051c                Reserved109_IRQHandler
                0x0000051c                DMA13_IRQHandler
                0x0000051c                FTM0_Ch0_Ch1_IRQHandler
                0x0000051c                FTM3_Fault_IRQHandler
                0x0000051c                RCM_IRQHandler
                0x0000051c                DMA3_IRQHandler
                0x0000051c                Reserved100_IRQHandler
                0x0000051c                DMA0_IRQHandler
                0x0000051c                Reserved91_IRQHandler
                0x0000051c                CAN1_ORed_IRQHandler
                0x0000051c                DMA15_IRQHandler
                0x0000051c                SCG_IRQHandler
                0x0000051c                PDB1_IRQHandler
                0x0000051c                Reserved81_IRQHandler
                0x0000051c                Reserved46_IRQHandler
                0x0000051c                Reserved45_IRQHandler
                0x0000051c                CAN0_Error_IRQHandler
                0x0000051c                Reserved112_IRQHandler
                0x0000051c                LPI2C0_Master_IRQHandler
                0x0000051c                DMA4_IRQHandler
                0x0000051c                FTM1_Fault_IRQHandler
                0x0000051c                Reserved106_IRQHandler
                0x0000051c                DMA_Error_IRQHandler
                0x0000051c                LVD_LVW_IRQHandler
                0x0000051c                LPIT0_Ch2_IRQHandler
                0x0000051c                Reserved51_IRQHandler
                0x0000051c                PORTA_IRQHandler
                0x0000051c                MCM_IRQHandler
                0x0000051c                DMA12_IRQHandler
                0x0000051c                Reserved44_IRQHandler
                0x0000051c                FTM3_Ch4_Ch5_IRQHandler
                0x0000051c                CAN0_ORed_0_15_MB_IRQHandler
                0x0000051c                PORTE_IRQHandler
                0x0000051c                LPUART0_RxTx_IRQHandler
                0x0000051c                LPTMR0_IRQHandler
                0x0000051c                BusFault_Handler
                0x0000051c                Reserved87_IRQHandler
                0x0000051c                FTM1_Ovf_Reload_IRQHandler
                0x0000051c                DMA8_IRQHandler
                0x0000051c                Reserved93_IRQHandler
                0x0000051c                DMA10_IRQHandler
                0x0000051c                CAN0_Wake_Up_IRQHandler
                0x0000051c                CMP0_IRQHandler
                0x0000051c                Reserved52_IRQHandler
                0x0000051c                PORTC_IRQHandler
                0x0000051c                DMA6_IRQHandler
                0x0000051c                FTM1_Ch0_Ch1_IRQHandler
                0x0000051c                FLEXIO_IRQHandler
                0x0000051c                DMA1_IRQHandler
                0x0000051c                Reserved113_IRQHandler
 .text          0x00000520      0x3f8 Esercitazione3.o
                0x00000520                Esercitazione3_step
                0x00000820                Esercitazione3_initialize
                0x00000914                Esercitazione3_terminate
 .text          0x00000918     0x1c88 clock_S32K1xx.o
                0x0000168e                CLOCK_DRV_Init
                0x00001cbc                CLOCK_DRV_GetFreq
                0x00001ec4                CLOCK_DRV_SetModuleClock
                0x00002030                CLOCK_DRV_SetSystemClock
                0x00002158                CLOCK_DRV_GetSystemClockSource
                0x000021b4                CLOCK_DRV_SetClockSource
                0x00002464                CLOCK_SYS_Init
                0x00002480                CLOCK_SYS_UpdateConfiguration
                0x00002568                CLOCK_SYS_GetCurrentConfiguration
                0x00002574                CLOCK_SYS_GetErrorCallback
                0x00002590                CLOCK_SYS_GetFreq
                0x00002598                CLOCK_SYS_SetConfiguration
 .text          0x000025a0      0x1ac interrupt_manager.o
                0x000025a0                INT_SYS_InstallHandler
                0x000025e0                INT_SYS_EnableIRQ
                0x000025f8                INT_SYS_DisableIRQ
                0x00002614                INT_SYS_EnableIRQGlobal
                0x00002630                INT_SYS_DisableIRQGlobal
                0x00002640                INT_SYS_SetPriority
                0x00002698                INT_SYS_GetPriority
                0x000026dc                INT_SYS_ClearPending
                0x000026f8                INT_SYS_SetPending
                0x00002714                INT_SYS_GetPending
                0x00002730                INT_SYS_GetActive
 .text          0x0000274c      0x62c lpit_driver.o
                0x0000274c                LPIT_DRV_GetDefaultConfig
                0x00002754                LPIT_DRV_GetDefaultChanConfig
                0x00002774                LPIT_DRV_Init
                0x00002820                LPIT_DRV_Deinit
                0x00002830                LPIT_DRV_StartTimerChannels
                0x00002840                LPIT_DRV_StopTimerChannels
                0x00002850                LPIT_DRV_SetTimerPeriodByUs
                0x000028fc                LPIT_DRV_InitChannel
                0x00002a84                LPIT_DRV_SetTimerPeriodInDual16ModeByUs
                0x00002b08                LPIT_DRV_GetTimerPeriodByUs
                0x00002c1c                LPIT_DRV_GetCurrentTimerUs
                0x00002cd4                LPIT_DRV_SetTimerPeriodByCount
                0x00002ce4                LPIT_DRV_SetTimerPeriodInDual16ModeByCount
                0x00002cf8                LPIT_DRV_GetTimerPeriodByCount
                0x00002d1c                LPIT_DRV_GetCurrentTimerCount
                0x00002d40                LPIT_DRV_EnableTimerChannelInterrupt
                0x00002d50                LPIT_DRV_DisableTimerChannelInterrupt
                0x00002d60                LPIT_DRV_GetInterruptFlagTimerChannels
                0x00002d6c                LPIT_DRV_ClearInterruptFlagTimerChannels
 .text          0x00002d78       0x88 mbd_main.o
                0x00002d78                LPIT0_Ch0_IRQHandler
                0x00002d88                SYSTEM_INIT_TASK
                0x00002d90                SYSTEM_TASK
                0x00002d98                lpit0_init_step_timer
                0x00002dd4                main
 .text          0x00002e00      0x144 pins_driver.o
                0x00002e00                PINS_DRV_Init
                0x00002e20                PINS_DRV_SetPullSel
                0x00002e5a                PINS_DRV_SetMuxModeSel
                0x00002e62                PINS_DRV_SetPinIntSel
                0x00002e78                PINS_DRV_GetPinIntSel
                0x00002e82                PINS_DRV_ClearPinIntFlagCmd
                0x00002e90                PINS_DRV_EnableDigitalFilter
                0x00002ea2                PINS_DRV_DisableDigitalFilter
                0x00002eb6                PINS_DRV_ConfigDigitalFilter
                0x00002ecc                PINS_DRV_GetPortIntFlag
                0x00002ed2                PINS_DRV_ClearPortIntFlagCmd
                0x00002edc                PINS_DRV_GetPinsDirection
                0x00002ee0                PINS_DRV_SetPinDirection
                0x00002ef8                PINS_DRV_SetPinsDirection
                0x00002efc                PINS_DRV_SetPortInputDisable
                0x00002f00                PINS_DRV_GetPortInputDisable
                0x00002f04                PINS_DRV_SetGlobalPinControl
                0x00002f0c                PINS_DRV_SetGlobalIntControl
                0x00002f14                PINS_DRV_WritePin
                0x00002f2c                PINS_DRV_WritePins
                0x00002f30                PINS_DRV_GetPinsOutput
                0x00002f34                PINS_DRV_SetPins
                0x00002f38                PINS_DRV_ClearPins
                0x00002f3c                PINS_DRV_TogglePins
                0x00002f40                PINS_DRV_ReadPins
 .text          0x00002f44      0x224 pins_port_hw_access.o
                0x00002fb4                PINS_Init
                0x000030c8                PINS_SetMuxModeSel
                0x00003118                PINS_SetGlobalPinControl
                0x00003144                PINS_SetGlobalIntControl
 .text          0x00003168      0x1d0 power_manager.o
                0x0000320c                POWER_SYS_Init
                0x00003238                POWER_SYS_Deinit
                0x00003250                POWER_SYS_GetLastMode
                0x00003268                POWER_SYS_GetLastModeConfig
                0x00003284                POWER_SYS_GetErrorCallbackIndex
                0x00003290                POWER_SYS_GetErrorCallback
                0x000032ac                POWER_SYS_SetMode
                0x0000332c                POWER_SYS_GetDefaultConfig
 .text          0x00003338      0x504 power_manager_S32K1xx.o
                0x00003404                POWER_SYS_DoInit
                0x0000349c                POWER_SYS_DoDeinit
                0x000034b0                POWER_SYS_GetCurrentMode
                0x000034d4                POWER_SYS_DoSetMode
                0x000037da                POWER_SYS_GetResetSrcStatusCmd
 .text          0x0000383c      0x184 power_smc_hw_access.o
                0x000038ac                SMC_SetPowerMode
                0x000039a8                SMC_SetProtectionMode
 .text          0x000039c0      0x150 s32k_clock_init.o
                0x000039c0                Clock_Setup
                0x00003ac0                UpdateSystickConfig
                0x00003ad8                lpit0_clock_init
 .text          0x00003b10       0xd8 startup.o
                0x00003b10                init_data_bss
 .text          0x00003be8       0xd4 system_S32K142.o
                0x00003be8                SystemInit
                0x00003c24                SystemCoreClockUpdate
                0x00003ca4                SystemSoftwareReset
 .text          0x00003cbc      0x378 c:/users/termi/appdata/roaming/mathworks/matlab add-ons/toolboxes/nxp_mbdtoolbox_s32k1xx/tools/gcc-6.3-arm32-eabi/bin/../lib/gcc/arm-none-eabi/6.3.1/thumb/v7e-m/fpv4-sp/hard\libgcc.a(_arm_addsubdf3.o)
                0x00003cbc                __aeabi_drsub
                0x00003cc4                __aeabi_dsub
                0x00003cc4                __subdf3
                0x00003cc8                __aeabi_dadd
                0x00003cc8                __adddf3
                0x00003f40                __floatunsidf
                0x00003f40                __aeabi_ui2d
                0x00003f60                __floatsidf
                0x00003f60                __aeabi_i2d
                0x00003f84                __aeabi_f2d
                0x00003f84                __extendsfdf2
                0x00003fc8                __floatundidf
                0x00003fc8                __aeabi_ul2d
                0x00003fd8                __floatdidf
                0x00003fd8                __aeabi_l2d
 .text          0x00004034      0x110 c:/users/termi/appdata/roaming/mathworks/matlab add-ons/toolboxes/nxp_mbdtoolbox_s32k1xx/tools/gcc-6.3-arm32-eabi/bin/../lib/gcc/arm-none-eabi/6.3.1/thumb/v7e-m/fpv4-sp/hard\libgcc.a(_arm_cmpdf2.o)
                0x00004034                __gtdf2
                0x00004034                __gedf2
                0x0000403c                __ltdf2
                0x0000403c                __ledf2
                0x00004044                __nedf2
                0x00004044                __eqdf2
                0x00004044                __cmpdf2
                0x000040c0                __aeabi_cdrcmple
                0x000040d0                __aeabi_cdcmpeq
                0x000040d0                __aeabi_cdcmple
                0x000040e0                __aeabi_dcmpeq
                0x000040f4                __aeabi_dcmplt
                0x00004108                __aeabi_dcmple
                0x0000411c                __aeabi_dcmpge
                0x00004130                __aeabi_dcmpgt
 .text          0x00004144       0x30 c:/users/termi/appdata/roaming/mathworks/matlab add-ons/toolboxes/nxp_mbdtoolbox_s32k1xx/tools/gcc-6.3-arm32-eabi/bin/../lib/gcc/arm-none-eabi/6.3.1/thumb/v7e-m/fpv4-sp/hard\libgcc.a(_aeabi_uldivmod.o)
                0x00004144                __aeabi_uldivmod
 .text          0x00004174      0x2e4 c:/users/termi/appdata/roaming/mathworks/matlab add-ons/toolboxes/nxp_mbdtoolbox_s32k1xx/tools/gcc-6.3-arm32-eabi/bin/../lib/gcc/arm-none-eabi/6.3.1/thumb/v7e-m/fpv4-sp/hard\libgcc.a(_udivmoddi4.o)
                0x00004174                __udivmoddi4
 .text          0x00004458        0x4 c:/users/termi/appdata/roaming/mathworks/matlab add-ons/toolboxes/nxp_mbdtoolbox_s32k1xx/tools/gcc-6.3-arm32-eabi/bin/../lib/gcc/arm-none-eabi/6.3.1/thumb/v7e-m/fpv4-sp/hard\libgcc.a(_dvmd_tls.o)
                0x00004458                __aeabi_idiv0
                0x00004458                __aeabi_ldiv0
 *(.text*)
 .text.memset   0x0000445c       0x10 C:/Users/termi/AppData/Roaming/MathWorks/MATLAB Add-Ons/Toolboxes/NXP_MBDToolbox_S32K1xx/tools/gcc-6.3-arm32-eabi/arm-none-eabi/newlib/lib/thumb/v7e-m/fpv4-sp/hard\libc.a(lib_a-memset.o)
                0x0000445c                memset
 .text.startup.register_fini
                0x0000446c       0x14 C:/Users/termi/AppData/Roaming/MathWorks/MATLAB Add-Ons/Toolboxes/NXP_MBDToolbox_S32K1xx/tools/gcc-6.3-arm32-eabi/arm-none-eabi/newlib/lib/thumb/v7e-m/fpv4-sp/hard\libc.a(lib_a-__call_atexit.o)
 .text.__libc_fini_array
                0x00004480       0x28 C:/Users/termi/AppData/Roaming/MathWorks/MATLAB Add-Ons/Toolboxes/NXP_MBDToolbox_S32K1xx/tools/gcc-6.3-arm32-eabi/arm-none-eabi/newlib/lib/thumb/v7e-m/fpv4-sp/hard\libc.a(lib_a-fini.o)
                0x00004480                __libc_fini_array
 .text.atexit   0x000044a8        0xc C:/Users/termi/AppData/Roaming/MathWorks/MATLAB Add-Ons/Toolboxes/NXP_MBDToolbox_S32K1xx/tools/gcc-6.3-arm32-eabi/arm-none-eabi/newlib/lib/thumb/v7e-m/fpv4-sp/hard\libc.a(lib_a-atexit.o)
                0x000044a8                atexit
 .text.__register_exitproc
                0x000044b4       0x98 C:/Users/termi/AppData/Roaming/MathWorks/MATLAB Add-Ons/Toolboxes/NXP_MBDToolbox_S32K1xx/tools/gcc-6.3-arm32-eabi/arm-none-eabi/newlib/lib/thumb/v7e-m/fpv4-sp/hard\libc.a(lib_a-__atexit.o)
                0x000044b4                __register_exitproc
 *(.rodata)
 .rodata        0x0000454c      0x201 clock_S32K1xx.o
                0x00004648                clockNameMappings
                0x000046f0                peripheralFeaturesList
 *fill*         0x0000474d        0x3 
 .rodata        0x00004750       0x18 mbd_main.o
 .rodata        0x00004768        0x2 s32k_clock_init.o
 *(.rodata*)
 *fill*         0x0000476a        0x2 
 .rodata._global_impure_ptr
                0x0000476c        0x4 C:/Users/termi/AppData/Roaming/MathWorks/MATLAB Add-Ons/Toolboxes/NXP_MBDToolbox_S32K1xx/tools/gcc-6.3-arm32-eabi/arm-none-eabi/newlib/lib/thumb/v7e-m/fpv4-sp/hard\libc.a(lib_a-impure.o)
                0x0000476c                _global_impure_ptr
 *(.glue_7)
 .glue_7        0x00004770        0x0 linker stubs
 *(.glue_7t)
 .glue_7t       0x00004770        0x0 linker stubs
 *(.eh_frame)
 .eh_frame      0x00004770        0x0 c:/users/termi/appdata/roaming/mathworks/matlab add-ons/toolboxes/nxp_mbdtoolbox_s32k1xx/tools/gcc-6.3-arm32-eabi/bin/../lib/gcc/arm-none-eabi/6.3.1/thumb/v7e-m/fpv4-sp/hard/crtbegin.o
 *(.init)
 .init          0x00004770        0x4 c:/users/termi/appdata/roaming/mathworks/matlab add-ons/toolboxes/nxp_mbdtoolbox_s32k1xx/tools/gcc-6.3-arm32-eabi/bin/../lib/gcc/arm-none-eabi/6.3.1/thumb/v7e-m/fpv4-sp/hard/crti.o
                0x00004770                _init
 .init          0x00004774        0x8 c:/users/termi/appdata/roaming/mathworks/matlab add-ons/toolboxes/nxp_mbdtoolbox_s32k1xx/tools/gcc-6.3-arm32-eabi/bin/../lib/gcc/arm-none-eabi/6.3.1/thumb/v7e-m/fpv4-sp/hard/crtn.o
 *(.fini)
 .fini          0x0000477c        0x4 c:/users/termi/appdata/roaming/mathworks/matlab add-ons/toolboxes/nxp_mbdtoolbox_s32k1xx/tools/gcc-6.3-arm32-eabi/bin/../lib/gcc/arm-none-eabi/6.3.1/thumb/v7e-m/fpv4-sp/hard/crti.o
                0x0000477c                _fini
 .fini          0x00004780        0x8 c:/users/termi/appdata/roaming/mathworks/matlab add-ons/toolboxes/nxp_mbdtoolbox_s32k1xx/tools/gcc-6.3-arm32-eabi/bin/../lib/gcc/arm-none-eabi/6.3.1/thumb/v7e-m/fpv4-sp/hard/crtn.o
                0x00004788                . = ALIGN (0x4)

.vfp11_veneer   0x00004788        0x0
 .vfp11_veneer  0x00004788        0x0 linker stubs

.v4_bx          0x00004788        0x0
 .v4_bx         0x00004788        0x0 linker stubs

.iplt           0x00004788        0x0
 .iplt          0x00004788        0x0 c:/users/termi/appdata/roaming/mathworks/matlab add-ons/toolboxes/nxp_mbdtoolbox_s32k1xx/tools/gcc-6.3-arm32-eabi/bin/../lib/gcc/arm-none-eabi/6.3.1/thumb/v7e-m/fpv4-sp/hard/crtbegin.o

.ARM.extab
 *(.ARM.extab* .gnu.linkonce.armextab.*)

.ARM            0x00004788        0x8
                0x00004788                __exidx_start = .
 *(.ARM.exidx*)
 .ARM.exidx     0x00004788        0x8 c:/users/termi/appdata/roaming/mathworks/matlab add-ons/toolboxes/nxp_mbdtoolbox_s32k1xx/tools/gcc-6.3-arm32-eabi/bin/../lib/gcc/arm-none-eabi/6.3.1/thumb/v7e-m/fpv4-sp/hard\libgcc.a(_udivmoddi4.o)
                0x00004790                __exidx_end = .

.rel.dyn        0x00004790        0x0
 .rel.iplt      0x00004790        0x0 c:/users/termi/appdata/roaming/mathworks/matlab add-ons/toolboxes/nxp_mbdtoolbox_s32k1xx/tools/gcc-6.3-arm32-eabi/bin/../lib/gcc/arm-none-eabi/6.3.1/thumb/v7e-m/fpv4-sp/hard/crtbegin.o

.ctors          0x00004790        0x0
                0x00004790                __CTOR_LIST__ = .
 *crtbegin.o(.ctors)
 *crtbegin?.o(.ctors)
 *(EXCLUDE_FILE(*crtend.o *crtend?.o) .ctors)
 *(SORT(.ctors.*))
 *(.ctors)
                0x00004790                __CTOR_END__ = .

.dtors          0x00004790        0x0
                0x00004790                __DTOR_LIST__ = .
 *crtbegin.o(.dtors)
 *crtbegin?.o(.dtors)
 *(EXCLUDE_FILE(*crtend.o *crtend?.o) .dtors)
 *(SORT(.dtors.*))
 *(.dtors)
                0x00004790                __DTOR_END__ = .

.preinit_array  0x00004790        0x0
                0x00004790                PROVIDE (__preinit_array_start, .)
 *(.preinit_array*)
                0x00004790                PROVIDE (__preinit_array_end, .)

.init_array     0x00004790        0x8
                0x00004790                PROVIDE (__init_array_start, .)
 *(SORT(.init_array.*))
 .init_array.00000
                0x00004790        0x4 C:/Users/termi/AppData/Roaming/MathWorks/MATLAB Add-Ons/Toolboxes/NXP_MBDToolbox_S32K1xx/tools/gcc-6.3-arm32-eabi/arm-none-eabi/newlib/lib/thumb/v7e-m/fpv4-sp/hard\libc.a(lib_a-__call_atexit.o)
 *(.init_array*)
 .init_array    0x00004794        0x4 c:/users/termi/appdata/roaming/mathworks/matlab add-ons/toolboxes/nxp_mbdtoolbox_s32k1xx/tools/gcc-6.3-arm32-eabi/bin/../lib/gcc/arm-none-eabi/6.3.1/thumb/v7e-m/fpv4-sp/hard/crtbegin.o
                0x00004798                PROVIDE (__init_array_end, .)

.fini_array     0x00004798        0x4
                0x00004798                PROVIDE (__fini_array_start, .)
 *(SORT(.fini_array.*))
 *(.fini_array*)
 .fini_array    0x00004798        0x4 c:/users/termi/appdata/roaming/mathworks/matlab add-ons/toolboxes/nxp_mbdtoolbox_s32k1xx/tools/gcc-6.3-arm32-eabi/bin/../lib/gcc/arm-none-eabi/6.3.1/thumb/v7e-m/fpv4-sp/hard/crtbegin.o
                0x0000479c                PROVIDE (__fini_array_end, .)
                0x0000479c                __etext = .
                0x0000479c                __DATA_ROM = .

.interrupts_ram
                0x1fffe000      0x400
                0x1fffe000                . = ALIGN (0x4)
                0x1fffe000                __VECTOR_RAM__ = .
                0x1fffe000                __RAM_START = .
                0x1fffe000                __interrupts_ram_start__ = .
 *(.m_interrupts_ram)
                0x1fffe400                . = (. + M_VECTOR_RAM_SIZE)
 *fill*         0x1fffe000      0x400 
                0x1fffe400                . = ALIGN (0x4)
                0x1fffe400                __interrupts_ram_end__ = .
                0x1fffe000                __VECTOR_RAM = DEFINED (__flash_vector_table__)?ORIGIN (m_interrupts):__VECTOR_RAM__
                0x00000400                __RAM_VECTOR_TABLE_SIZE = DEFINED (__flash_vector_table__)?0x0:(__interrupts_ram_end__ - __interrupts_ram_start__)

.data           0x1fffe400      0x4b4 load address 0x0000479c
                0x1fffe400                . = ALIGN (0x4)
                0x1fffe400                __DATA_RAM = .
                0x1fffe400                __data_start__ = .
 *(.data)
 .data          0x1fffe400       0x91 clock_S32K1xx.o
 .data          0x1fffe491        0x1 s32k_clock_init.o
 *fill*         0x1fffe492        0x2 
 .data          0x1fffe494        0x4 system_S32K142.o
                0x1fffe494                SystemCoreClock
 *(.data*)
 .data.impure_data
                0x1fffe498      0x418 C:/Users/termi/AppData/Roaming/MathWorks/MATLAB Add-Ons/Toolboxes/NXP_MBDToolbox_S32K1xx/tools/gcc-6.3-arm32-eabi/arm-none-eabi/newlib/lib/thumb/v7e-m/fpv4-sp/hard\libc.a(lib_a-impure.o)
 *(.jcr*)
 .jcr           0x1fffe8b0        0x0 c:/users/termi/appdata/roaming/mathworks/matlab add-ons/toolboxes/nxp_mbdtoolbox_s32k1xx/tools/gcc-6.3-arm32-eabi/bin/../lib/gcc/arm-none-eabi/6.3.1/thumb/v7e-m/fpv4-sp/hard/crtbegin.o
 .jcr           0x1fffe8b0        0x4 c:/users/termi/appdata/roaming/mathworks/matlab add-ons/toolboxes/nxp_mbdtoolbox_s32k1xx/tools/gcc-6.3-arm32-eabi/bin/../lib/gcc/arm-none-eabi/6.3.1/thumb/v7e-m/fpv4-sp/hard/crtend.o
                0x1fffe8b4                . = ALIGN (0x4)
                0x1fffe8b4                __data_end__ = .
                0x00004c50                __DATA_END = (__DATA_ROM + (__data_end__ - __data_start__))
                0x00004c50                __CODE_ROM = __DATA_END

.tm_clone_table
                0x1fffe8b4        0x0 load address 0x00004c50
 .tm_clone_table
                0x1fffe8b4        0x0 c:/users/termi/appdata/roaming/mathworks/matlab add-ons/toolboxes/nxp_mbdtoolbox_s32k1xx/tools/gcc-6.3-arm32-eabi/bin/../lib/gcc/arm-none-eabi/6.3.1/thumb/v7e-m/fpv4-sp/hard/crtbegin.o
 .tm_clone_table
                0x1fffe8b4        0x0 c:/users/termi/appdata/roaming/mathworks/matlab add-ons/toolboxes/nxp_mbdtoolbox_s32k1xx/tools/gcc-6.3-arm32-eabi/bin/../lib/gcc/arm-none-eabi/6.3.1/thumb/v7e-m/fpv4-sp/hard/crtend.o

.igot.plt       0x1fffe8b4        0x0 load address 0x00004c50
 .igot.plt      0x1fffe8b4        0x0 c:/users/termi/appdata/roaming/mathworks/matlab add-ons/toolboxes/nxp_mbdtoolbox_s32k1xx/tools/gcc-6.3-arm32-eabi/bin/../lib/gcc/arm-none-eabi/6.3.1/thumb/v7e-m/fpv4-sp/hard/crtbegin.o

.code           0x1fffe8b4        0x0 load address 0x00004c50
                0x1fffe8b4                . = ALIGN (0x4)
                0x1fffe8b4                __CODE_RAM = .
                0x1fffe8b4                __code_start__ = .
                0x1fffe8b4                __code_ram_start__ = .
 *(.code_ram)
                0x1fffe8b4                . = ALIGN (0x4)
                0x1fffe8b4                __code_end__ = .
                0x1fffe8b4                __code_ram_end__ = .
                0x00004c50                __CODE_END = (__CODE_ROM + (__code_end__ - __code_start__))
                0x00004c50                __CUSTOM_ROM = __CODE_END

.customSectionBlock
                0x20000000        0x0 load address 0x00004c50
                0x20000000                __customSection_start__ = .
 *(.customSection)
                0x20000000                __customSection_end__ = .
                0x00004c50                __CUSTOM_END = (__CUSTOM_ROM + (__customSection_end__ - __customSection_start__))

.bss            0x20000000       0x78
                0x20000000                . = ALIGN (0x4)
                0x20000000                __BSS_START = .
                0x20000000                __bss_start__ = .
 *(.bss)
 .bss           0x20000000       0x1c c:/users/termi/appdata/roaming/mathworks/matlab add-ons/toolboxes/nxp_mbdtoolbox_s32k1xx/tools/gcc-6.3-arm32-eabi/bin/../lib/gcc/arm-none-eabi/6.3.1/thumb/v7e-m/fpv4-sp/hard/crtbegin.o
 .bss           0x2000001c       0x10 clock_S32K1xx.o
 .bss           0x2000002c        0x4 interrupt_manager.o
 .bss           0x20000030        0x4 lpit_driver.o
 .bss           0x20000034        0xc power_manager_S32K1xx.o
 *(.bss*)
 *(COMMON)
 COMMON         0x20000040       0x14 Esercitazione3.o
                0x20000040                Esercitazione3_DW
                0x20000050                Esercitazione3_B
 COMMON         0x20000054       0x14 clock_S32K1xx.o
                0x20000054                g_xtal0ClkFreq
                0x20000058                g_RtcClkInFreq
                0x2000005c                g_TClkFreq
 COMMON         0x20000068       0x10 power_manager_S32K1xx.o
                0x20000068                gPowerManagerState
                0x20000078                . = ALIGN (0x4)
                0x20000078                __bss_end__ = .
                0x20000078                __BSS_END = .

.heap           0x20000078      0x400
                0x20000078                . = ALIGN (0x8)
                0x20000078                __end__ = .
                0x20000078                __heap_start__ = .
                [!provide]                PROVIDE (end, .)
                [!provide]                PROVIDE (_end, .)
                [!provide]                PROVIDE (__end, .)
                0x20000078                __HeapBase = .
                0x20000478                . = (. + HEAP_SIZE)
 *fill*         0x20000078      0x400 
                0x20000478                __HeapLimit = .
                0x20000478                __heap_limit = .
                0x20000478                __heap_end__ = .
                0x20001000                __StackTop = (ORIGIN (m_data_2) + LENGTH (m_data_2))
                0x20000c00                __StackLimit = (__StackTop - STACK_SIZE)
                0x20001000                PROVIDE (__stack, __StackTop)
                0x20001000                __RAM_END = __StackTop

.stack          0x20000c00      0x400
                0x20000c00                . = ALIGN (0x8)
                0x20000c00                __stack_start__ = .
                0x20001000                . = (. + STACK_SIZE)
 *fill*         0x20000c00      0x400 
                0x20001000                __stack_end__ = .

.ARM.attributes
                0x00000000       0x30
 *(.ARM.attributes)
 .ARM.attributes
                0x00000000       0x22 c:/users/termi/appdata/roaming/mathworks/matlab add-ons/toolboxes/nxp_mbdtoolbox_s32k1xx/tools/gcc-6.3-arm32-eabi/bin/../lib/gcc/arm-none-eabi/6.3.1/thumb/v7e-m/fpv4-sp/hard/crti.o
 .ARM.attributes
                0x00000022       0x34 c:/users/termi/appdata/roaming/mathworks/matlab add-ons/toolboxes/nxp_mbdtoolbox_s32k1xx/tools/gcc-6.3-arm32-eabi/bin/../lib/gcc/arm-none-eabi/6.3.1/thumb/v7e-m/fpv4-sp/hard/crtbegin.o
 .ARM.attributes
                0x00000056       0x1f startup_S32K142.o
 .ARM.attributes
                0x00000075       0x39 Esercitazione3.o
 .ARM.attributes
                0x000000ae       0x39 clock_S32K1xx.o
 .ARM.attributes
                0x000000e7       0x39 interrupt_manager.o
 .ARM.attributes
                0x00000120       0x39 lpit_driver.o
 .ARM.attributes
                0x00000159       0x39 mbd_main.o
 .ARM.attributes
                0x00000192       0x39 pins_driver.o
 .ARM.attributes
                0x000001cb       0x39 pins_port_hw_access.o
 .ARM.attributes
                0x00000204       0x39 power_manager.o
 .ARM.attributes
                0x0000023d       0x39 power_manager_S32K1xx.o
 .ARM.attributes
                0x00000276       0x39 power_smc_hw_access.o
 .ARM.attributes
                0x000002af       0x39 s32k_clock_init.o
 .ARM.attributes
                0x000002e8       0x39 startup.o
 .ARM.attributes
                0x00000321       0x39 system_S32K142.o
 .ARM.attributes
                0x0000035a       0x22 c:/users/termi/appdata/roaming/mathworks/matlab add-ons/toolboxes/nxp_mbdtoolbox_s32k1xx/tools/gcc-6.3-arm32-eabi/bin/../lib/gcc/arm-none-eabi/6.3.1/thumb/v7e-m/fpv4-sp/hard\libgcc.a(_arm_addsubdf3.o)
 .ARM.attributes
                0x0000037c       0x22 c:/users/termi/appdata/roaming/mathworks/matlab add-ons/toolboxes/nxp_mbdtoolbox_s32k1xx/tools/gcc-6.3-arm32-eabi/bin/../lib/gcc/arm-none-eabi/6.3.1/thumb/v7e-m/fpv4-sp/hard\libgcc.a(_arm_cmpdf2.o)
 .ARM.attributes
                0x0000039e       0x22 c:/users/termi/appdata/roaming/mathworks/matlab add-ons/toolboxes/nxp_mbdtoolbox_s32k1xx/tools/gcc-6.3-arm32-eabi/bin/../lib/gcc/arm-none-eabi/6.3.1/thumb/v7e-m/fpv4-sp/hard\libgcc.a(_aeabi_uldivmod.o)
 .ARM.attributes
                0x000003c0       0x34 c:/users/termi/appdata/roaming/mathworks/matlab add-ons/toolboxes/nxp_mbdtoolbox_s32k1xx/tools/gcc-6.3-arm32-eabi/bin/../lib/gcc/arm-none-eabi/6.3.1/thumb/v7e-m/fpv4-sp/hard\libgcc.a(_udivmoddi4.o)
 .ARM.attributes
                0x000003f4       0x22 c:/users/termi/appdata/roaming/mathworks/matlab add-ons/toolboxes/nxp_mbdtoolbox_s32k1xx/tools/gcc-6.3-arm32-eabi/bin/../lib/gcc/arm-none-eabi/6.3.1/thumb/v7e-m/fpv4-sp/hard\libgcc.a(_dvmd_tls.o)
 .ARM.attributes
                0x00000416       0x34 C:/Users/termi/AppData/Roaming/MathWorks/MATLAB Add-Ons/Toolboxes/NXP_MBDToolbox_S32K1xx/tools/gcc-6.3-arm32-eabi/arm-none-eabi/newlib/lib/thumb/v7e-m/fpv4-sp/hard\libc.a(lib_a-impure.o)
 .ARM.attributes
                0x0000044a       0x34 C:/Users/termi/AppData/Roaming/MathWorks/MATLAB Add-Ons/Toolboxes/NXP_MBDToolbox_S32K1xx/tools/gcc-6.3-arm32-eabi/arm-none-eabi/newlib/lib/thumb/v7e-m/fpv4-sp/hard\libc.a(lib_a-memset.o)
 .ARM.attributes
                0x0000047e       0x34 C:/Users/termi/AppData/Roaming/MathWorks/MATLAB Add-Ons/Toolboxes/NXP_MBDToolbox_S32K1xx/tools/gcc-6.3-arm32-eabi/arm-none-eabi/newlib/lib/thumb/v7e-m/fpv4-sp/hard\libc.a(lib_a-__call_atexit.o)
 .ARM.attributes
                0x000004b2       0x34 C:/Users/termi/AppData/Roaming/MathWorks/MATLAB Add-Ons/Toolboxes/NXP_MBDToolbox_S32K1xx/tools/gcc-6.3-arm32-eabi/arm-none-eabi/newlib/lib/thumb/v7e-m/fpv4-sp/hard\libc.a(lib_a-fini.o)
 .ARM.attributes
                0x000004e6       0x34 C:/Users/termi/AppData/Roaming/MathWorks/MATLAB Add-Ons/Toolboxes/NXP_MBDToolbox_S32K1xx/tools/gcc-6.3-arm32-eabi/arm-none-eabi/newlib/lib/thumb/v7e-m/fpv4-sp/hard\libc.a(lib_a-atexit.o)
 .ARM.attributes
                0x0000051a       0x34 C:/Users/termi/AppData/Roaming/MathWorks/MATLAB Add-Ons/Toolboxes/NXP_MBDToolbox_S32K1xx/tools/gcc-6.3-arm32-eabi/arm-none-eabi/newlib/lib/thumb/v7e-m/fpv4-sp/hard\libc.a(lib_a-__atexit.o)
 .ARM.attributes
                0x0000054e       0x34 c:/users/termi/appdata/roaming/mathworks/matlab add-ons/toolboxes/nxp_mbdtoolbox_s32k1xx/tools/gcc-6.3-arm32-eabi/bin/../lib/gcc/arm-none-eabi/6.3.1/thumb/v7e-m/fpv4-sp/hard/crtend.o
 .ARM.attributes
                0x00000582       0x22 c:/users/termi/appdata/roaming/mathworks/matlab add-ons/toolboxes/nxp_mbdtoolbox_s32k1xx/tools/gcc-6.3-arm32-eabi/bin/../lib/gcc/arm-none-eabi/6.3.1/thumb/v7e-m/fpv4-sp/hard/crtn.o
                0x00000001                ASSERT ((__StackLimit >= __HeapLimit), region m_data_2 overflowed with stack and heap)
OUTPUT(Esercitazione3.elf elf32-littlearm)

.comment        0x00000000       0xa0
 .comment       0x00000000       0xa0 c:/users/termi/appdata/roaming/mathworks/matlab add-ons/toolboxes/nxp_mbdtoolbox_s32k1xx/tools/gcc-6.3-arm32-eabi/bin/../lib/gcc/arm-none-eabi/6.3.1/thumb/v7e-m/fpv4-sp/hard/crtbegin.o
                                 0xa1 (size before relaxing)
 .comment       0x000000a0       0xa1 Esercitazione3.o
 .comment       0x000000a0       0xa1 clock_S32K1xx.o
 .comment       0x000000a0       0xa1 interrupt_manager.o
 .comment       0x000000a0       0xa1 lpit_driver.o
 .comment       0x000000a0       0xa1 mbd_main.o
 .comment       0x000000a0       0xa1 pins_driver.o
 .comment       0x000000a0       0xa1 pins_port_hw_access.o
 .comment       0x000000a0       0xa1 power_manager.o
 .comment       0x000000a0       0xa1 power_manager_S32K1xx.o
 .comment       0x000000a0       0xa1 power_smc_hw_access.o
 .comment       0x000000a0       0xa1 s32k_clock_init.o
 .comment       0x000000a0       0xa1 startup.o
 .comment       0x000000a0       0xa1 system_S32K142.o
 .comment       0x000000a0       0xa1 c:/users/termi/appdata/roaming/mathworks/matlab add-ons/toolboxes/nxp_mbdtoolbox_s32k1xx/tools/gcc-6.3-arm32-eabi/bin/../lib/gcc/arm-none-eabi/6.3.1/thumb/v7e-m/fpv4-sp/hard/crtend.o

.debug_line     0x00000000     0x31c4
 .debug_line    0x00000000       0x6e startup_S32K142.o
 .debug_line    0x0000006e      0x31f Esercitazione3.o
 .debug_line    0x0000038d      0xede clock_S32K1xx.o
 .debug_line    0x0000126b      0x254 interrupt_manager.o
 .debug_line    0x000014bf      0x45b lpit_driver.o
 .debug_line    0x0000191a      0x273 mbd_main.o
 .debug_line    0x00001b8d      0x32e pins_driver.o
 .debug_line    0x00001ebb      0x27b pins_port_hw_access.o
 .debug_line    0x00002136      0x279 power_manager.o
 .debug_line    0x000023af      0x51b power_manager_S32K1xx.o
 .debug_line    0x000028ca      0x2cf power_smc_hw_access.o
 .debug_line    0x00002b99      0x29a s32k_clock_init.o
 .debug_line    0x00002e33      0x1bb startup.o
 .debug_line    0x00002fee      0x1d6 system_S32K142.o

.debug_info     0x00000000     0xef3b
 .debug_info    0x00000000       0x26 startup_S32K142.o
 .debug_info    0x00000026      0x95e Esercitazione3.o
 .debug_info    0x00000984     0x52f8 clock_S32K1xx.o
 .debug_info    0x00005c7c      0x978 interrupt_manager.o
 .debug_info    0x000065f4     0x1afc lpit_driver.o
 .debug_info    0x000080f0      0x941 mbd_main.o
 .debug_info    0x00008a31     0x1360 pins_driver.o
 .debug_info    0x00009d91      0x89d pins_port_hw_access.o
 .debug_info    0x0000a62e      0x7dc power_manager.o
 .debug_info    0x0000ae0a     0x1706 power_manager_S32K1xx.o
 .debug_info    0x0000c510      0xc0c power_smc_hw_access.o
 .debug_info    0x0000d11c     0x1651 s32k_clock_init.o
 .debug_info    0x0000e76d      0x2ad startup.o
 .debug_info    0x0000ea1a      0x521 system_S32K142.o

.debug_abbrev   0x00000000     0x1c34
 .debug_abbrev  0x00000000       0x14 startup_S32K142.o
 .debug_abbrev  0x00000014      0x1cd Esercitazione3.o
 .debug_abbrev  0x000001e1      0x37b clock_S32K1xx.o
 .debug_abbrev  0x0000055c      0x1e5 interrupt_manager.o
 .debug_abbrev  0x00000741      0x360 lpit_driver.o
 .debug_abbrev  0x00000aa1      0x1a7 mbd_main.o
 .debug_abbrev  0x00000c48      0x2a7 pins_driver.o
 .debug_abbrev  0x00000eef      0x1e1 pins_port_hw_access.o
 .debug_abbrev  0x000010d0      0x1e6 power_manager.o
 .debug_abbrev  0x000012b6      0x363 power_manager_S32K1xx.o
 .debug_abbrev  0x00001619      0x240 power_smc_hw_access.o
 .debug_abbrev  0x00001859      0x1c4 s32k_clock_init.o
 .debug_abbrev  0x00001a1d       0xdd startup.o
 .debug_abbrev  0x00001afa      0x13a system_S32K142.o

.debug_aranges  0x00000000      0x1c0
 .debug_aranges
                0x00000000       0x20 startup_S32K142.o
 .debug_aranges
                0x00000020       0x20 Esercitazione3.o
 .debug_aranges
                0x00000040       0x20 clock_S32K1xx.o
 .debug_aranges
                0x00000060       0x20 interrupt_manager.o
 .debug_aranges
                0x00000080       0x20 lpit_driver.o
 .debug_aranges
                0x000000a0       0x20 mbd_main.o
 .debug_aranges
                0x000000c0       0x20 pins_driver.o
 .debug_aranges
                0x000000e0       0x20 pins_port_hw_access.o
 .debug_aranges
                0x00000100       0x20 power_manager.o
 .debug_aranges
                0x00000120       0x20 power_manager_S32K1xx.o
 .debug_aranges
                0x00000140       0x20 power_smc_hw_access.o
 .debug_aranges
                0x00000160       0x20 s32k_clock_init.o
 .debug_aranges
                0x00000180       0x20 startup.o
 .debug_aranges
                0x000001a0       0x20 system_S32K142.o

.debug_str      0x00000000     0x6412
 .debug_str     0x00000000       0x7a startup_S32K142.o
 .debug_str     0x0000007a      0xade Esercitazione3.o
                                0xbca (size before relaxing)
 .debug_str     0x00000b58     0x328d clock_S32K1xx.o
                               0x3905 (size before relaxing)
 .debug_str     0x00003de5      0x895 interrupt_manager.o
                                0xaf1 (size before relaxing)
 .debug_str     0x0000467a      0x835 lpit_driver.o
                               0x1c73 (size before relaxing)
 .debug_str     0x00004eaf       0x68 mbd_main.o
                                0xc5b (size before relaxing)
 .debug_str     0x00004f17      0x576 pins_driver.o
                               0x13cd (size before relaxing)
 .debug_str     0x0000548d      0x1cb pins_port_hw_access.o
                                0x904 (size before relaxing)
 .debug_str     0x00005658      0x4dd power_manager.o
                                0xfec (size before relaxing)
 .debug_str     0x00005b35      0x508 power_manager_S32K1xx.o
                               0x1900 (size before relaxing)
 .debug_str     0x0000603d      0x141 power_smc_hw_access.o
                                0xec4 (size before relaxing)
 .debug_str     0x0000617e       0xf3 s32k_clock_init.o
                               0x23d5 (size before relaxing)
 .debug_str     0x00006271      0x112 startup.o
                                0x3fd (size before relaxing)
 .debug_str     0x00006383       0x8f system_S32K142.o
                                0x3fe (size before relaxing)

.debug_loc      0x00000000     0x6d9f
 .debug_loc     0x00000000      0x104 Esercitazione3.o
 .debug_loc     0x00000104     0x4418 clock_S32K1xx.o
 .debug_loc     0x0000451c      0x1aa interrupt_manager.o
 .debug_loc     0x000046c6      0xbe4 lpit_driver.o
 .debug_loc     0x000052aa      0x53e pins_driver.o
 .debug_loc     0x000057e8      0x48a pins_port_hw_access.o
 .debug_loc     0x00005c72      0x316 power_manager.o
 .debug_loc     0x00005f88      0x701 power_manager_S32K1xx.o
 .debug_loc     0x00006689      0x49f power_smc_hw_access.o
 .debug_loc     0x00006b28       0xa0 s32k_clock_init.o
 .debug_loc     0x00006bc8       0xec startup.o
 .debug_loc     0x00006cb4       0xeb system_S32K142.o

.debug_frame    0x00000000      0xf10
 .debug_frame   0x00000000       0x64 Esercitazione3.o
 .debug_frame   0x00000064      0x39c clock_S32K1xx.o
 .debug_frame   0x00000400       0xd8 interrupt_manager.o
 .debug_frame   0x000004d8      0x1ac lpit_driver.o
 .debug_frame   0x00000684       0x88 mbd_main.o
 .debug_frame   0x0000070c      0x1e4 pins_driver.o
 .debug_frame   0x000008f0       0x98 pins_port_hw_access.o
 .debug_frame   0x00000988       0xe0 power_manager.o
 .debug_frame   0x00000a68       0xc4 power_manager_S32K1xx.o
 .debug_frame   0x00000b2c       0x58 power_smc_hw_access.o
 .debug_frame   0x00000b84       0x5c s32k_clock_init.o
 .debug_frame   0x00000be0       0x2c startup.o
 .debug_frame   0x00000c0c       0x40 system_S32K142.o
 .debug_frame   0x00000c4c       0xac c:/users/termi/appdata/roaming/mathworks/matlab add-ons/toolboxes/nxp_mbdtoolbox_s32k1xx/tools/gcc-6.3-arm32-eabi/bin/../lib/gcc/arm-none-eabi/6.3.1/thumb/v7e-m/fpv4-sp/hard\libgcc.a(_arm_addsubdf3.o)
 .debug_frame   0x00000cf8       0xc4 c:/users/termi/appdata/roaming/mathworks/matlab add-ons/toolboxes/nxp_mbdtoolbox_s32k1xx/tools/gcc-6.3-arm32-eabi/bin/../lib/gcc/arm-none-eabi/6.3.1/thumb/v7e-m/fpv4-sp/hard\libgcc.a(_arm_cmpdf2.o)
 .debug_frame   0x00000dbc       0x2c c:/users/termi/appdata/roaming/mathworks/matlab add-ons/toolboxes/nxp_mbdtoolbox_s32k1xx/tools/gcc-6.3-arm32-eabi/bin/../lib/gcc/arm-none-eabi/6.3.1/thumb/v7e-m/fpv4-sp/hard\libgcc.a(_aeabi_uldivmod.o)
 .debug_frame   0x00000de8       0x34 c:/users/termi/appdata/roaming/mathworks/matlab add-ons/toolboxes/nxp_mbdtoolbox_s32k1xx/tools/gcc-6.3-arm32-eabi/bin/../lib/gcc/arm-none-eabi/6.3.1/thumb/v7e-m/fpv4-sp/hard\libgcc.a(_udivmoddi4.o)
 .debug_frame   0x00000e1c       0x20 C:/Users/termi/AppData/Roaming/MathWorks/MATLAB Add-Ons/Toolboxes/NXP_MBDToolbox_S32K1xx/tools/gcc-6.3-arm32-eabi/arm-none-eabi/newlib/lib/thumb/v7e-m/fpv4-sp/hard\libc.a(lib_a-memset.o)
 .debug_frame   0x00000e3c       0x4c C:/Users/termi/AppData/Roaming/MathWorks/MATLAB Add-Ons/Toolboxes/NXP_MBDToolbox_S32K1xx/tools/gcc-6.3-arm32-eabi/arm-none-eabi/newlib/lib/thumb/v7e-m/fpv4-sp/hard\libc.a(lib_a-__call_atexit.o)
 .debug_frame   0x00000e88       0x38 C:/Users/termi/AppData/Roaming/MathWorks/MATLAB Add-Ons/Toolboxes/NXP_MBDToolbox_S32K1xx/tools/gcc-6.3-arm32-eabi/arm-none-eabi/newlib/lib/thumb/v7e-m/fpv4-sp/hard\libc.a(lib_a-fini.o)
 .debug_frame   0x00000ec0       0x20 C:/Users/termi/AppData/Roaming/MathWorks/MATLAB Add-Ons/Toolboxes/NXP_MBDToolbox_S32K1xx/tools/gcc-6.3-arm32-eabi/arm-none-eabi/newlib/lib/thumb/v7e-m/fpv4-sp/hard\libc.a(lib_a-atexit.o)
 .debug_frame   0x00000ee0       0x30 C:/Users/termi/AppData/Roaming/MathWorks/MATLAB Add-Ons/Toolboxes/NXP_MBDToolbox_S32K1xx/tools/gcc-6.3-arm32-eabi/arm-none-eabi/newlib/lib/thumb/v7e-m/fpv4-sp/hard\libc.a(lib_a-__atexit.o)

.debug_ranges   0x00000000      0x4f0
 .debug_ranges  0x00000000      0x2e8 clock_S32K1xx.o
 .debug_ranges  0x000002e8       0x38 interrupt_manager.o
 .debug_ranges  0x00000320       0x48 lpit_driver.o
 .debug_ranges  0x00000368       0x20 power_manager.o
 .debug_ranges  0x00000388      0x148 power_manager_S32K1xx.o
 .debug_ranges  0x000004d0       0x20 power_smc_hw_access.o
